Archive member included to satisfy reference by file (symbol)

examples/libexamples.a(Button_Ctr.c.obj)
                              CMakeFiles/Power_Management_HAT.dir/Power_Management_HAT.c.obj (Button_Ctr_Init)
lib/Power_Management_Lib/libPower_Management_Lib.a(Power_Management_Lib.c.obj)
                              examples/libexamples.a(Button_Ctr.c.obj) (Power_init)
lib/Config/libConfig.a(DEV_Config.c.obj)
                              lib/Power_Management_Lib/libPower_Management_Lib.a(Power_Management_Lib.c.obj) (DEV_Digital_Write)
lib/INA219/libINA219.a(INA219.c.obj)
                              lib/Power_Management_Lib/libPower_Management_Lib.a(Power_Management_Lib.c.obj) (INA219_begin)
lib/PCF85063A/libPCF85063A.a(PCF85063A.c.obj)
                              lib/Power_Management_Lib/libPower_Management_Lib.a(Power_Management_Lib.c.obj) (PCF85063A_Init)
lib/MP28167/libMP28167.a(MP28167.c.obj)
                              examples/libexamples.a(Button_Ctr.c.obj) (MP28167_Default_Config)
/usr/lib/gcc/arm-none-eabi/8.3.1/thumb/v6-m/nofp/libgcc.a(_dvmd_tls.o)
                              CMakeFiles/Power_Management_HAT.dir/home/pi/pico/pico-sdk/src/rp2_common/pico_divider/divider.S.obj (__aeabi_idiv0)
/usr/lib/gcc/arm-none-eabi/8.3.1/../../../arm-none-eabi/lib/thumb/v6-m/nofp/libc.a(lib_a-atexit.o)
                              /usr/lib/gcc/arm-none-eabi/8.3.1/../../../arm-none-eabi/lib/thumb/v6-m/nofp/crt0.o (atexit)
/usr/lib/gcc/arm-none-eabi/8.3.1/../../../arm-none-eabi/lib/thumb/v6-m/nofp/libc.a(lib_a-calloc.o)
                              CMakeFiles/Power_Management_HAT.dir/home/pi/pico/pico-sdk/src/rp2_common/pico_malloc/pico_malloc.c.obj (calloc)
/usr/lib/gcc/arm-none-eabi/8.3.1/../../../arm-none-eabi/lib/thumb/v6-m/nofp/libc.a(lib_a-callocr.o)
                              /usr/lib/gcc/arm-none-eabi/8.3.1/../../../arm-none-eabi/lib/thumb/v6-m/nofp/libc.a(lib_a-calloc.o) (_calloc_r)
/usr/lib/gcc/arm-none-eabi/8.3.1/../../../arm-none-eabi/lib/thumb/v6-m/nofp/libc.a(lib_a-fini.o)
                              /usr/lib/gcc/arm-none-eabi/8.3.1/../../../arm-none-eabi/lib/thumb/v6-m/nofp/crt0.o (__libc_fini_array)
/usr/lib/gcc/arm-none-eabi/8.3.1/../../../arm-none-eabi/lib/thumb/v6-m/nofp/libc.a(lib_a-impure.o)
                              /usr/lib/gcc/arm-none-eabi/8.3.1/../../../arm-none-eabi/lib/thumb/v6-m/nofp/libc.a(lib_a-calloc.o) (_impure_ptr)
/usr/lib/gcc/arm-none-eabi/8.3.1/../../../arm-none-eabi/lib/thumb/v6-m/nofp/libc.a(lib_a-init.o)
                              /usr/lib/gcc/arm-none-eabi/8.3.1/../../../arm-none-eabi/lib/thumb/v6-m/nofp/crt0.o (__libc_init_array)
/usr/lib/gcc/arm-none-eabi/8.3.1/../../../arm-none-eabi/lib/thumb/v6-m/nofp/libc.a(lib_a-malloc.o)
                              CMakeFiles/Power_Management_HAT.dir/home/pi/pico/pico-sdk/src/rp2_common/pico_malloc/pico_malloc.c.obj (malloc)
/usr/lib/gcc/arm-none-eabi/8.3.1/../../../arm-none-eabi/lib/thumb/v6-m/nofp/libc.a(lib_a-mallocr.o)
                              /usr/lib/gcc/arm-none-eabi/8.3.1/../../../arm-none-eabi/lib/thumb/v6-m/nofp/libc.a(lib_a-callocr.o) (_malloc_r)
/usr/lib/gcc/arm-none-eabi/8.3.1/../../../arm-none-eabi/lib/thumb/v6-m/nofp/libc.a(lib_a-mlock.o)
                              /usr/lib/gcc/arm-none-eabi/8.3.1/../../../arm-none-eabi/lib/thumb/v6-m/nofp/libc.a(lib_a-mallocr.o) (__malloc_lock)
/usr/lib/gcc/arm-none-eabi/8.3.1/../../../arm-none-eabi/lib/thumb/v6-m/nofp/libc.a(lib_a-realloc.o)
                              CMakeFiles/Power_Management_HAT.dir/home/pi/pico/pico-sdk/src/rp2_common/pico_malloc/pico_malloc.c.obj (realloc)
/usr/lib/gcc/arm-none-eabi/8.3.1/../../../arm-none-eabi/lib/thumb/v6-m/nofp/libc.a(lib_a-reallocr.o)
                              /usr/lib/gcc/arm-none-eabi/8.3.1/../../../arm-none-eabi/lib/thumb/v6-m/nofp/libc.a(lib_a-realloc.o) (_realloc_r)
/usr/lib/gcc/arm-none-eabi/8.3.1/../../../arm-none-eabi/lib/thumb/v6-m/nofp/libc.a(lib_a-sbrkr.o)
                              /usr/lib/gcc/arm-none-eabi/8.3.1/../../../arm-none-eabi/lib/thumb/v6-m/nofp/libc.a(lib_a-mallocr.o) (_sbrk_r)
/usr/lib/gcc/arm-none-eabi/8.3.1/../../../arm-none-eabi/lib/thumb/v6-m/nofp/libc.a(lib_a-strlen-stub.o)
                              CMakeFiles/Power_Management_HAT.dir/home/pi/pico/pico-sdk/src/rp2_common/pico_stdio/stdio.c.obj (strlen)
/usr/lib/gcc/arm-none-eabi/8.3.1/../../../arm-none-eabi/lib/thumb/v6-m/nofp/libc.a(lib_a-__atexit.o)
                              /usr/lib/gcc/arm-none-eabi/8.3.1/../../../arm-none-eabi/lib/thumb/v6-m/nofp/libc.a(lib_a-atexit.o) (__register_exitproc)
/usr/lib/gcc/arm-none-eabi/8.3.1/../../../arm-none-eabi/lib/thumb/v6-m/nofp/libc.a(lib_a-freer.o)
                              /usr/lib/gcc/arm-none-eabi/8.3.1/../../../arm-none-eabi/lib/thumb/v6-m/nofp/libc.a(lib_a-malloc.o) (_free_r)
/usr/lib/gcc/arm-none-eabi/8.3.1/../../../arm-none-eabi/lib/thumb/v6-m/nofp/libc.a(lib_a-memmove.o)
[...]
Memory Configuration

Name             Origin             Length             Attributes
FLASH            0x10000000         0x00200000         xr
RAM              0x20000000         0x00040000         xrw
SCRATCH_X        0x20040000         0x00001000         xrw
SCRATCH_Y        0x20041000         0x00001000         xrw
*default*        0x00000000         0xffffffff

Linker script and memory map

LOAD /usr/lib/gcc/arm-none-eabi/8.3.1/thumb/v6-m/nofp/crti.o
LOAD /usr/lib/gcc/arm-none-eabi/8.3.1/thumb/v6-m/nofp/crtbegin.o
LOAD /usr/lib/gcc/arm-none-eabi/8.3.1/../../../arm-none-eabi/lib/thumb/v6-m/nofp/crt0.o

.flash_begin    0x10000000        0x0
                0x10000000                __flash_binary_start = .

.boot2          0x10000000      0x100
                0x10000000                __boot2_start__ = .
 *(.boot2)
 .boot2         0x10000000      0x100 /tmp/ccxBp9C9.o
                0x10000100                __boot2_end__ = .
                0x00000001                ASSERT (((__boot2_end__ - __boot2_start__) == 0x100), ERROR: Pico second stage bootloader must be 256 bytes in size)

.text           0x10000100     0x84f0
                0x10000100                __logical_binary_start = .
 *(.vectors)
 .vectors       0x10000100       0xd4 CMakeFiles/Power_Management_HAT.dir/home/pi/pico/pico-sdk/src/rp2_common/pico_standard_link/crt0.S.obj
                0x10000100                __vectors
                0x10000100                __VECTOR_TABLE
                0x100001c0                isr_invalid
                0x100001c0                __default_isrs_start
                0x100001c2                isr_nmi
                0x100001c4                isr_hardfault
                0x100001c6                isr_svcall
                0x100001c8                isr_pendsv
                0x100001ca                isr_systick
                0x100001cc                isr_irq30
                0x100001cc                __unhandled_user_irq
                0x100001cc                isr_irq13
                0x100001cc                isr_irq27
                0x100001cc                isr_irq31
                0x100001cc                isr_irq5
                0x100001cc                isr_irq11
                0x100001cc                isr_irq23
                0x100001cc                isr_irq18
                0x100001cc                isr_irq28
                0x100001cc                isr_irq19
                0x100001cc                isr_irq0
                0x100001cc                isr_irq6
                0x100001cc                isr_irq22
                0x100001cc                isr_irq17
                0x100001cc                isr_irq14
                0x100001cc                isr_irq2
                0x100001cc                isr_irq10
                0x100001cc                isr_irq8
                0x100001cc                isr_irq24
                0x100001cc                isr_irq1
                0x100001cc                isr_irq7
                0x100001cc                isr_irq21
                0x100001cc                isr_irq20
                0x100001cc                isr_irq15
                0x100001cc                isr_irq25
                0x100001cc                isr_irq4
                0x100001cc                isr_irq16
                0x100001cc                isr_irq29
                0x100001cc                isr_irq26
                0x100001cc                __default_isrs_end
                0x100001cc                isr_irq3
                0x100001cc                isr_irq12
                0x100001cc                isr_irq9
                0x100001d2                unhandled_user_irq_num_in_r0
 *(.binary_info_header)
 .binary_info_header
                0x100001d4       0x14 CMakeFiles/Power_Management_HAT.dir/home/pi/pico/pico-sdk/src/rp2_common/pico_standard_link/crt0.S.obj
                0x100001e8                __binary_info_header_end = .
 *(.reset)
 .reset         0x100001e8       0xa8 CMakeFiles/Power_Management_HAT.dir/home/pi/pico/pico-sdk/src/rp2_common/pico_standard_link/crt0.S.obj
                0x100001e8                _entry_point
                0x10000266                __get_current_exception
 .reset         0x10000290       0x30 CMakeFiles/Power_Management_HAT.dir/home/pi/pico/pico-sdk/src/rp2_common/pico_standard_link/binary_info.c.obj
 *(.init)
 .init          0x100002c0        0x4 /usr/lib/gcc/arm-none-eabi/8.3.1/thumb/v6-m/nofp/crti.o
                0x100002c0                _init
 *(EXCLUDE_FILE(*libm.a: *libc.a:*lib_a-mem*.o *libgcc.a:) .text*)
 .text          0x100002c4       0x98 /usr/lib/gcc/arm-none-eabi/8.3.1/thumb/v6-m/nofp/crtbegin.o
 .text.startup.main
                0x1000035c        0xc CMakeFiles/Power_Management_HAT.dir/Power_Management_HAT.c.obj
                0x1000035c                main
 .text.gpio_set_function
                0x10000368       0x30 CMakeFiles/Power_Management_HAT.dir/home/pi/pico/pico-sdk/src/rp2_common/hardware_gpio/gpio.c.obj
                0x10000368                gpio_set_function
 .text.gpio_set_pulls
                0x10000398       0x30 CMakeFiles/Power_Management_HAT.dir/home/pi/pico/pico-sdk/src/rp2_common/hardware_gpio/gpio.c.obj
                0x10000398                gpio_set_pulls
 .text.gpio_set_input_enabled
                0x100003c8       0x28 CMakeFiles/Power_Management_HAT.dir/home/pi/pico/pico-sdk/src/rp2_common/hardware_gpio/gpio.c.obj
                0x100003c8                gpio_set_input_enabled
 .text.gpio_init
                0x100003f0       0x3c CMakeFiles/Power_Management_HAT.dir/home/pi/pico/pico-sdk/src/rp2_common/hardware_gpio/gpio.c.obj
                0x100003f0                gpio_init
 .text.hw_claim_or_assert
                0x1000042c       0x44 CMakeFiles/Power_Management_HAT.dir/home/pi/pico/pico-sdk/src/rp2_common/hardware_claim/claim.c.obj
                0x1000042c                hw_claim_or_assert
 .text.hw_claim_unused_from_range
                0x10000470       0x9c CMakeFiles/Power_Management_HAT.dir/home/pi/pico/pico-sdk/src/rp2_common/hardware_claim/claim.c.obj
                0x10000470                hw_claim_unused_from_range
 .text.running_on_fpga
                0x1000050c       0x10 CMakeFiles/Power_Management_HAT.dir/home/pi/pico/pico-sdk/src/rp2_common/pico_platform/platform.c.obj
                0x1000050c                running_on_fpga
 .text.spin_locks_reset
                0x1000051c       0x1c CMakeFiles/Power_Management_HAT.dir/home/pi/pico/pico-sdk/src/rp2_common/hardware_sync/sync.c.obj
                0x1000051c                spin_locks_reset
 .text.next_striped_spin_lock_num
                0x10000538       0x18 CMakeFiles/Power_Management_HAT.dir/home/pi/pico/pico-sdk/src/rp2_common/hardware_sync/sync.c.obj
                0x10000538                next_striped_spin_lock_num
 .text.spin_lock_claim_unused
                0x10000550       0x20 CMakeFiles/Power_Management_HAT.dir/home/pi/pico/pico-sdk/src/rp2_common/hardware_sync/sync.c.obj
                0x10000550                spin_lock_claim_unused
 .text.irq_set_enabled
                0x10000570       0x24 CMakeFiles/Power_Management_HAT.dir/home/pi/pico/pico-sdk/src/rp2_common/hardware_irq/irq.c.obj
                0x10000570                irq_set_enabled
 .text.irq_set_pending
                0x10000594       0x10 CMakeFiles/Power_Management_HAT.dir/home/pi/pico/pico-sdk/src/rp2_common/hardware_irq/irq.c.obj
                0x10000594                irq_set_pending
 .text.irq_has_shared_handler
                0x100005a4       0x2c CMakeFiles/Power_Management_HAT.dir/home/pi/pico/pico-sdk/src/rp2_common/hardware_irq/irq.c.obj
                0x100005a4                irq_has_shared_handler
 .text.irq_get_vtable_handler
                0x100005d0       0x10 CMakeFiles/Power_Management_HAT.dir/home/pi/pico/pico-sdk/src/rp2_common/hardware_irq/irq.c.obj
                0x100005d0                irq_get_vtable_handler
 .text.irq_set_exclusive_handler
                0x100005e0       0x54 CMakeFiles/Power_Management_HAT.dir/home/pi/pico/pico-sdk/src/rp2_common/hardware_irq/irq.c.obj
                0x100005e0                irq_set_exclusive_handler
 .text.irq_add_shared_handler
                0x10000634      0x1c8 CMakeFiles/Power_Management_HAT.dir/home/pi/pico/pico-sdk/src/rp2_common/hardware_irq/irq.c.obj
                0x10000634                irq_add_shared_handler
 .text.irq_remove_handler
                0x100007fc      0x1b4 CMakeFiles/Power_Management_HAT.dir/home/pi/pico/pico-sdk/src/rp2_common/hardware_irq/irq.c.obj
                0x100007fc                irq_remove_handler
 .text.irq_add_tail_to_free_list
                0x100009b0       0xb4 CMakeFiles/Power_Management_HAT.dir/home/pi/pico/pico-sdk/src/rp2_common/hardware_irq/irq.c.obj
                0x100009b0                irq_add_tail_to_free_list
 .text.irq_init_priorities
                0x10000a64       0x24 CMakeFiles/Power_Management_HAT.dir/home/pi/pico/pico-sdk/src/rp2_common/hardware_irq/irq.c.obj
                0x10000a64                irq_init_priorities
 .text.user_irq_claim_unused
                0x10000a88       0x30 CMakeFiles/Power_Management_HAT.dir/home/pi/pico/pico-sdk/src/rp2_common/hardware_irq/irq.c.obj
                0x10000a88                user_irq_claim_unused
 .text.lock_init
                0x10000ab8       0x10 CMakeFiles/Power_Management_HAT.dir/home/pi/pico/pico-sdk/src/common/pico_sync/lock_core.c.obj
                0x10000ab8                lock_init
 .text.timer_pool_entry_comparator
                0x10000ac8       0x34 CMakeFiles/Power_Management_HAT.dir/home/pi/pico/pico-sdk/src/common/pico_time/time.c.obj
                0x10000ac8                timer_pool_entry_comparator
 .text.repeating_timer_callback
                0x10000afc       0x1c CMakeFiles/Power_Management_HAT.dir/home/pi/pico/pico-sdk/src/common/pico_time/time.c.obj
 .text.sleep_until_callback
                0x10000b18       0x30 CMakeFiles/Power_Management_HAT.dir/home/pi/pico/pico-sdk/src/common/pico_time/time.c.obj
 .text.add_alarm_under_lock
                0x10000b48      0x114 CMakeFiles/Power_Management_HAT.dir/home/pi/pico/pico-sdk/src/common/pico_time/time.c.obj
 .text.alarm_pool_alarm_callback
                0x10000c5c      0x1d0 CMakeFiles/Power_Management_HAT.dir/home/pi/pico/pico-sdk/src/common/pico_time/time.c.obj
 .text.alarm_pool_init_default
                0x10000e2c       0x64 CMakeFiles/Power_Management_HAT.dir/home/pi/pico/pico-sdk/src/common/pico_time/time.c.obj
                0x10000e2c                alarm_pool_init_default
 .text.alarm_pool_get_default
                0x10000e90        0x8 CMakeFiles/Power_Management_HAT.dir/home/pi/pico/pico-sdk/src/common/pico_time/time.c.obj
                0x10000e90                alarm_pool_get_default
 .text.alarm_pool_add_alarm_at
                0x10000e98      0x19c CMakeFiles/Power_Management_HAT.dir/home/pi/pico/pico-sdk/src/common/pico_time/time.c.obj
                0x10000e98                alarm_pool_add_alarm_at
 .text.alarm_pool_cancel_alarm
                0x10001034       0x70 CMakeFiles/Power_Management_HAT.dir/home/pi/pico/pico-sdk/src/common/pico_time/time.c.obj
                0x10001034                alarm_pool_cancel_alarm
 .text.alarm_pool_add_repeating_timer_us
                0x100010a4      0x240 CMakeFiles/Power_Management_HAT.dir/home/pi/pico/pico-sdk/src/common/pico_time/time.c.obj
                0x100010a4                alarm_pool_add_repeating_timer_us
 .text.cancel_repeating_timer
                0x100012e4       0x84 CMakeFiles/Power_Management_HAT.dir/home/pi/pico/pico-sdk/src/common/pico_time/time.c.obj
                0x100012e4                cancel_repeating_timer
 .text.sleep_until
                0x10001368       0xc4 CMakeFiles/Power_Management_HAT.dir/home/pi/pico/pico-sdk/src/common/pico_time/time.c.obj
                0x10001368                sleep_until
 .text.sleep_ms
                0x1000142c       0x38 CMakeFiles/Power_Management_HAT.dir/home/pi/pico/pico-sdk/src/common/pico_time/time.c.obj
                0x1000142c                sleep_ms
 .text.best_effort_wfe_or_timeout
                0x10001464       0x58 CMakeFiles/Power_Management_HAT.dir/home/pi/pico/pico-sdk/src/common/pico_time/time.c.obj
                0x10001464                best_effort_wfe_or_timeout
 .text.hardware_alarm_irq_handler
                0x100014bc       0xb0 CMakeFiles/Power_Management_HAT.dir/home/pi/pico/pico-sdk/src/rp2_common/hardware_timer/timer.c.obj
 .text.hardware_alarm_claim
                0x1000156c       0x18 CMakeFiles/Power_Management_HAT.dir/home/pi/pico/pico-sdk/src/rp2_common/hardware_timer/timer.c.obj
                0x1000156c                hardware_alarm_claim
 .text.time_us_64
                0x10001584       0x18 CMakeFiles/Power_Management_HAT.dir/home/pi/pico/pico-sdk/src/rp2_common/hardware_timer/timer.c.obj
                0x10001584                time_us_64
 .text.busy_wait_until
                0x1000159c       0x20 CMakeFiles/Power_Management_HAT.dir/home/pi/pico/pico-sdk/src/rp2_common/hardware_timer/timer.c.obj
                0x1000159c                busy_wait_until
 .text.hardware_alarm_set_callback
                0x100015bc       0x8c CMakeFiles/Power_Management_HAT.dir/home/pi/pico/pico-sdk/src/rp2_common/hardware_timer/timer.c.obj
                0x100015bc                hardware_alarm_set_callback
 .text.hardware_alarm_set_target
                0x10001648       0xe8 CMakeFiles/Power_Management_HAT.dir/home/pi/pico/pico-sdk/src/rp2_common/hardware_timer/timer.c.obj
                0x10001648                hardware_alarm_set_target
 .text.hardware_alarm_cancel
                0x10001730       0x40 CMakeFiles/Power_Management_HAT.dir/home/pi/pico/pico-sdk/src/rp2_common/hardware_timer/timer.c.obj
                0x10001730                hardware_alarm_cancel
 .text.ph_merge_nodes
                0x10001770       0x5c CMakeFiles/Power_Management_HAT.dir/home/pi/pico/pico-sdk/src/common/pico_util/pheap.c.obj
 .text.ph_post_alloc_init
                0x100017cc      0x1b8 CMakeFiles/Power_Management_HAT.dir/home/pi/pico/pico-sdk/src/common/pico_util/pheap.c.obj
                0x100017cc                ph_post_alloc_init
 .text.ph_merge_two_pass
                0x10001984       0x4c CMakeFiles/Power_Management_HAT.dir/home/pi/pico/pico-sdk/src/common/pico_util/pheap.c.obj
                0x10001984                ph_merge_two_pass
 .text.ph_remove_any_head
                0x100019d0      0x1b8 CMakeFiles/Power_Management_HAT.dir/home/pi/pico/pico-sdk/src/common/pico_util/pheap.c.obj
 .text.ph_remove_head
                0x10001b88      0x1bc CMakeFiles/Power_Management_HAT.dir/home/pi/pico/pico-sdk/src/common/pico_util/pheap.c.obj
                0x10001b88                ph_remove_head
 .text.ph_remove_and_free_node
                0x10001d44       0x7c CMakeFiles/Power_Management_HAT.dir/home/pi/pico/pico-sdk/src/common/pico_util/pheap.c.obj
                0x10001d44                ph_remove_and_free_node
 .text.mutex_init
                0x10001dc0       0x1c CMakeFiles/Power_Management_HAT.dir/home/pi/pico/pico-sdk/src/common/pico_sync/mutex.c.obj
                0x10001dc0                mutex_init
 .text.recursive_mutex_init
                0x10001ddc       0x1c CMakeFiles/Power_Management_HAT.dir/home/pi/pico/pico-sdk/src/common/pico_sync/mutex.c.obj
                0x10001ddc                recursive_mutex_init
 .text.critical_section_init
                0x10001df8       0x20 CMakeFiles/Power_Management_HAT.dir/home/pi/pico/pico-sdk/src/common/pico_sync/critical_section.c.obj
                0x10001df8                critical_section_init
 .text.uart_init
                0x10001e18       0xe4 CMakeFiles/Power_Management_HAT.dir/home/pi/pico/pico-sdk/src/rp2_common/hardware_uart/uart.c.obj
                0x10001e18                uart_init
 .text.runtime_init
                0x10001efc       0xf4 CMakeFiles/Power_Management_HAT.dir/home/pi/pico/pico-sdk/src/rp2_common/pico_runtime/runtime.c.obj
                0x10001efc                runtime_init
 .text.exit     0x10001ff0        0x4 CMakeFiles/Power_Management_HAT.dir/home/pi/pico/pico-sdk/src/rp2_common/pico_runtime/runtime.c.obj
                0x10001ff0                exit
 .text.panic    0x10001ff4       0x30 CMakeFiles/Power_Management_HAT.dir/home/pi/pico/pico-sdk/src/rp2_common/pico_runtime/runtime.c.obj
                0x10001ff4                panic
 .text.hard_assertion_failure
                0x10002024        0xc CMakeFiles/Power_Management_HAT.dir/home/pi/pico/pico-sdk/src/rp2_common/pico_runtime/runtime.c.obj
                0x10002024                hard_assertion_failure
 .text.clocks_init
                0x10002030      0x2c0 CMakeFiles/Power_Management_HAT.dir/home/pi/pico/pico-sdk/src/rp2_common/hardware_clocks/clocks.c.obj
                0x10002030                clocks_init
 .text.clock_get_hz
                0x100022f0        0xc CMakeFiles/Power_Management_HAT.dir/home/pi/pico/pico-sdk/src/rp2_common/hardware_clocks/clocks.c.obj
                0x100022f0                clock_get_hz
 .text.pll_init
                0x100022fc       0xa8 CMakeFiles/Power_Management_HAT.dir/home/pi/pico/pico-sdk/src/rp2_common/hardware_pll/pll.c.obj
                0x100022fc                pll_init
 .text.watchdog_start_tick
                0x100023a4       0x10 CMakeFiles/Power_Management_HAT.dir/home/pi/pico/pico-sdk/src/rp2_common/hardware_watchdog/watchdog.c.obj
                0x100023a4                watchdog_start_tick
 .text.watchdog_reboot
                0x100023b4       0x98 CMakeFiles/Power_Management_HAT.dir/home/pi/pico/pico-sdk/src/rp2_common/hardware_watchdog/watchdog.c.obj
                0x100023b4                watchdog_reboot
 .text.xosc_init
                0x1000244c       0x28 CMakeFiles/Power_Management_HAT.dir/home/pi/pico/pico-sdk/src/rp2_common/hardware_xosc/xosc.c.obj
                0x1000244c                xosc_init
 .text._out_null
                0x10002474        0x4 CMakeFiles/Power_Management_HAT.dir/home/pi/pico/pico-sdk/src/rp2_common/pico_printf/printf.c.obj
 .text._out_rev
                0x10002478       0x9c CMakeFiles/Power_Management_HAT.dir/home/pi/pico/pico-sdk/src/rp2_common/pico_printf/printf.c.obj
 .text._ntoa_format
                0x10002514      0x1c8 CMakeFiles/Power_Management_HAT.dir/home/pi/pico/pico-sdk/src/rp2_common/pico_printf/printf.c.obj
 .text._out_char
                0x100026dc       0x10 CMakeFiles/Power_Management_HAT.dir/home/pi/pico/pico-sdk/src/rp2_common/pico_printf/printf.c.obj
 .text._out_fct
                0x100026ec       0x10 CMakeFiles/Power_Management_HAT.dir/home/pi/pico/pico-sdk/src/rp2_common/pico_printf/printf.c.obj
 .text._etoa    0x100026fc      0x45c CMakeFiles/Power_Management_HAT.dir/home/pi/pico/pico-sdk/src/rp2_common/pico_printf/printf.c.obj
 .text._ftoa    0x10002b58      0x4c0 CMakeFiles/Power_Management_HAT.dir/home/pi/pico/pico-sdk/src/rp2_common/pico_printf/printf.c.obj
 .text._vsnprintf
                0x10003018      0xad0 CMakeFiles/Power_Management_HAT.dir/home/pi/pico/pico-sdk/src/rp2_common/pico_printf/printf.c.obj
 .text.vfctprintf
                0x10003ae8       0x20 CMakeFiles/Power_Management_HAT.dir/home/pi/pico/pico-sdk/src/rp2_common/pico_printf/printf.c.obj
                0x10003ae8                vfctprintf
 .text.weak_raw_vprintf
                0x10003b08       0x30 CMakeFiles/Power_Management_HAT.dir/home/pi/pico/pico-sdk/src/rp2_common/pico_printf/printf.c.obj
                0x10003b08                weak_raw_vprintf
 .text          0x10003b38       0x10 CMakeFiles/Power_Management_HAT.dir/home/pi/pico/pico-sdk/src/rp2_common/pico_bit_ops/bit_ops_aeabi.S.obj
 .text.rom_func_lookup
                0x10003b48       0x10 CMakeFiles/Power_Management_HAT.dir/home/pi/pico/pico-sdk/src/rp2_common/pico_bootrom/bootrom.c.obj
                0x10003b48                rom_func_lookup
 .text.rom_data_lookup
                0x10003b58       0x10 CMakeFiles/Power_Management_HAT.dir/home/pi/pico/pico-sdk/src/rp2_common/pico_bootrom/bootrom.c.obj
                0x10003b58                rom_data_lookup
 .text.rom_funcs_lookup
                0x10003b68       0x3c CMakeFiles/Power_Management_HAT.dir/home/pi/pico/pico-sdk/src/rp2_common/pico_bootrom/bootrom.c.obj
                0x10003b68                rom_funcs_lookup
 .text.__wrap___aeabi_idiv
                0x10003ba4       0x50 CMakeFiles/Power_Management_HAT.dir/home/pi/pico/pico-sdk/src/rp2_common/pico_divider/divider.S.obj
                0x10003ba4                __wrap___aeabi_idivmod
                0x10003ba4                divmod_s32s32
                0x10003ba4                div_s32s32
                0x10003ba4                __wrap___aeabi_idiv
                0x10003bac                divmod_s32s32_unsafe
                0x10003bd8                divmod_s32s32_savestate
 .text.__wrap___aeabi_uidiv
                0x10003bf4       0x4c CMakeFiles/Power_Management_HAT.dir/home/pi/pico/pico-sdk/src/rp2_common/pico_divider/divider.S.obj
                0x10003bf4                __wrap___aeabi_uidiv
                0x10003bf4                __wrap___aeabi_uidivmod
                0x10003bf4                div_u32u32
                0x10003bf4                divmod_u32u32
                0x10003bfc                divmod_u32u32_unsafe
                0x10003c24                divmod_u32u32_savestate
 .text.__wrap___aeabi_ldiv
                0x10003c40      0x434 CMakeFiles/Power_Management_HAT.dir/home/pi/pico/pico-sdk/src/rp2_common/pico_divider/divider.S.obj
                0x10003c40                div_s64s64
                0x10003c40                divmod_s64s64
                0x10003c40                __wrap___aeabi_ldivmod
                0x10003c78                div_u64u64
                0x10003c78                divmod_u64u64
                0x10003c78                __wrap___aeabi_uldivmod
                0x10003c88                divmod_u64u64_savestate
                0x10003cb0                divmod_s64s64_unsafe
                0x10003d38                divmod_u64u64_unsafe
 .text.__wrap___aeabi_darithmetic
                0x10004074       0x80 CMakeFiles/Power_Management_HAT.dir/home/pi/pico/pico-sdk/src/rp2_common/pico_double/double_aeabi.S.obj
                0x10004074                __wrap___aeabi_drsub
                0x1000407a                __wrap___aeabi_dsub
                0x1000408c                __wrap___aeabi_dadd
                0x1000409e                __wrap___aeabi_ddiv
                0x100040da                __wrap___aeabi_dmul
 .text.__wrap___aeabi_cdcmple
                0x100040f4       0x6c CMakeFiles/Power_Management_HAT.dir/home/pi/pico/pico-sdk/src/rp2_common/pico_double/double_aeabi.S.obj
                0x100040f4                __wrap___aeabi_cdrcmple
                0x10004104                __wrap___aeabi_cdcmple
                0x10004104                __wrap___aeabi_cdcmpeq
 .text.__wrap___aeabi_dcmplt
                0x10004160        0xc CMakeFiles/Power_Management_HAT.dir/home/pi/pico/pico-sdk/src/rp2_common/pico_double/double_aeabi.S.obj
                0x10004160                __wrap___aeabi_dcmplt
 .text.__wrap___aeabi_dcmpge
                0x1000416c       0x10 CMakeFiles/Power_Management_HAT.dir/home/pi/pico/pico-sdk/src/rp2_common/pico_double/double_aeabi.S.obj
                0x1000416c                __wrap___aeabi_dcmpge
 .text.__wrap___aeabi_dcmpgt
                0x1000417c        0xa CMakeFiles/Power_Management_HAT.dir/home/pi/pico/pico-sdk/src/rp2_common/pico_double/double_aeabi.S.obj
                0x1000417c                __wrap___aeabi_dcmpgt
 .text.__wrap___aeabi_dcmpun
                0x10004186       0x1c CMakeFiles/Power_Management_HAT.dir/home/pi/pico/pico-sdk/src/rp2_common/pico_double/double_aeabi.S.obj
                0x10004186                __wrap___aeabi_dcmpun
 *fill*         0x100041a2        0x2 
 .text.__wrap___aeabi_i2d
                0x100041a4       0x38 CMakeFiles/Power_Management_HAT.dir/home/pi/pico/pico-sdk/src/rp2_common/pico_double/double_aeabi.S.obj
                0x100041a4                __wrap___aeabi_ui2d
                0x100041ac                __wrap___aeabi_i2d
 .text.__wrap___aeabi_d2iz
                0x100041dc       0x48 CMakeFiles/Power_Management_HAT.dir/home/pi/pico/pico-sdk/src/rp2_common/pico_double/double_aeabi.S.obj
                0x100041dc                __wrap___aeabi_d2iz
                0x100041dc                double2int_z
 .text.__wrap___aeabi_d2uiz
                0x10004224       0x18 CMakeFiles/Power_Management_HAT.dir/home/pi/pico/pico-sdk/src/rp2_common/pico_double/double_aeabi.S.obj
                0x10004224                double2uint
                0x10004224                __wrap___aeabi_d2uiz
 .text.__wrap___aeabi_d2f
                0x1000423c       0x18 CMakeFiles/Power_Management_HAT.dir/home/pi/pico/pico-sdk/src/rp2_common/pico_double/double_aeabi.S.obj
                0x1000423c                __wrap___aeabi_d2f
 .text.__aeabi_double_init
                0x10004254       0xbc CMakeFiles/Power_Management_HAT.dir/home/pi/pico/pico-sdk/src/rp2_common/pico_double/double_init_rom.c.obj
                0x10004254                __aeabi_double_init
 .text.double_table_shim_on_use_helper
                0x10004310       0x2c CMakeFiles/Power_Management_HAT.dir/home/pi/pico/pico-sdk/src/rp2_common/pico_double/double_v1_rom_shim.S.obj
                0x10004310                double_table_shim_on_use_helper
 .text.__wrap___aeabi_dsub
                0x1000433c       0x10 CMakeFiles/Power_Management_HAT.dir/home/pi/pico/pico-sdk/src/rp2_common/pico_double/double_v1_rom_shim.S.obj
                0x1000433c                drsub_shim
                0x10004342                dsub_shim
 .text.dadd_shim
                0x1000434c      0x15c CMakeFiles/Power_Management_HAT.dir/home/pi/pico/pico-sdk/src/rp2_common/pico_double/double_v1_rom_shim.S.obj
                0x1000434c                dadd_shim
 .text.dmul_shim
                0x100044a8      0x15c CMakeFiles/Power_Management_HAT.dir/home/pi/pico/pico-sdk/src/rp2_common/pico_double/double_v1_rom_shim.S.obj
                0x100044a8                dmul_shim
 .text.ddiv_shim
                0x10004604      0x1b0 CMakeFiles/Power_Management_HAT.dir/home/pi/pico/pico-sdk/src/rp2_common/pico_double/double_v1_rom_shim.S.obj
                0x10004604                ddiv_shim
 .text.double2uint_shim
                0x100047b4        0xe CMakeFiles/Power_Management_HAT.dir/home/pi/pico/pico-sdk/src/rp2_common/pico_double/double_v1_rom_shim.S.obj
                0x100047b4                double2uint_shim
                0x100047b6                double2ufix_shim
 *fill*         0x100047c2        0x2 
 .text.double2uint64_shim
                0x100047c4       0x70 CMakeFiles/Power_Management_HAT.dir/home/pi/pico/pico-sdk/src/rp2_common/pico_double/double_v1_rom_shim.S.obj
                0x100047c4                double2uint64_shim
                0x100047c6                double2ufix64_shim
                0x100047e6                d2fix_a
 .text.double2float_shim
                0x10004834       0x5c CMakeFiles/Power_Management_HAT.dir/home/pi/pico/pico-sdk/src/rp2_common/pico_double/double_v1_rom_shim.S.obj
                0x10004834                double2float_shim
 .text.dunpacks
                0x10004890       0x3c CMakeFiles/Power_Management_HAT.dir/home/pi/pico/pico-sdk/src/rp2_common/pico_double/double_v1_rom_shim.S.obj
                0x10004890                dunpacks
 .text.__aeabi_lmul
                0x100048cc       0x32 CMakeFiles/Power_Management_HAT.dir/home/pi/pico/pico-sdk/src/rp2_common/pico_int64_ops/pico_int64_ops_aeabi.S.obj
                0x100048cc                __wrap___aeabi_lmul
 *fill*         0x100048fe        0x2 
 .text.__wrap___aeabi_farithmetic
                0x10004900       0x48 CMakeFiles/Power_Management_HAT.dir/home/pi/pico/pico-sdk/src/rp2_common/pico_float/float_aeabi.S.obj
                0x10004900                __wrap___aeabi_frsub
                0x10004906                __wrap___aeabi_fsub
                0x1000490c                __wrap___aeabi_fadd
                0x10004912                __wrap___aeabi_fdiv
                0x1000493a                __wrap___aeabi_fmul
 .text.__wrap___aeabi_ui2f
                0x10004948        0xa CMakeFiles/Power_Management_HAT.dir/home/pi/pico/pico-sdk/src/rp2_common/pico_float/float_aeabi.S.obj
                0x10004948                __wrap___aeabi_ui2f
 *fill*         0x10004952        0x2 
 .text.__wrap___aeabi_i2f
                0x10004954       0x44 CMakeFiles/Power_Management_HAT.dir/home/pi/pico/pico-sdk/src/rp2_common/pico_float/float_aeabi.S.obj
                0x10004954                __wrap___aeabi_i2f
 .text.__wrap___aeabi_f2d
                0x10004998       0x14 CMakeFiles/Power_Management_HAT.dir/home/pi/pico/pico-sdk/src/rp2_common/pico_float/float_aeabi.S.obj
                0x10004998                __wrap___aeabi_f2d
 .text.__aeabi_float_init
                0x100049ac       0x68 CMakeFiles/Power_Management_HAT.dir/home/pi/pico/pico-sdk/src/rp2_common/pico_float/float_init_rom.c.obj
                0x100049ac                __aeabi_float_init
 .text.float_table_shim_on_use_helper
                0x10004a14       0x2c CMakeFiles/Power_Management_HAT.dir/home/pi/pico/pico-sdk/src/rp2_common/pico_float/float_v1_rom_shim.S.obj
                0x10004a14                float_table_shim_on_use_helper
 .text.float2double_shim
                0x10004a40       0x30 CMakeFiles/Power_Management_HAT.dir/home/pi/pico/pico-sdk/src/rp2_common/pico_float/float_v1_rom_shim.S.obj
                0x10004a40                float2double_shim
 .text          0x10004a70       0x10 CMakeFiles/Power_Management_HAT.dir/home/pi/pico/pico-sdk/src/rp2_common/pico_mem_ops/mem_ops_aeabi.S.obj
                0x10004a70                __aeabi_mem_init
 .text.memset   0x10004a80        0xc CMakeFiles/Power_Management_HAT.dir/home/pi/pico/pico-sdk/src/rp2_common/pico_mem_ops/mem_ops_aeabi.S.obj
                0x10004a80                __wrap_memset
 .text.memcpy   0x10004a8c        0xc CMakeFiles/Power_Management_HAT.dir/home/pi/pico/pico-sdk/src/rp2_common/pico_mem_ops/mem_ops_aeabi.S.obj
                0x10004a8c                __wrap___aeabi_memcpy
                0x10004a8c                __wrap_memcpy
 .text.stdio_out_chars_no_crlf
                0x10004a98       0x10 CMakeFiles/Power_Management_HAT.dir/home/pi/pico/pico-sdk/src/rp2_common/pico_stdio/stdio.c.obj
 .text.stdio_out_chars_crlf
                0x10004aa8       0xac CMakeFiles/Power_Management_HAT.dir/home/pi/pico/pico-sdk/src/rp2_common/pico_stdio/stdio.c.obj
 .text.stdio_stack_buffer_flush.part.1
                0x10004b54       0xe8 CMakeFiles/Power_Management_HAT.dir/home/pi/pico/pico-sdk/src/rp2_common/pico_stdio/stdio.c.obj
 .text.stdio_buffered_printer
                0x10004c3c       0x20 CMakeFiles/Power_Management_HAT.dir/home/pi/pico/pico-sdk/src/rp2_common/pico_stdio/stdio.c.obj
 .text.stdio_put_string
                0x10004c5c       0xf8 CMakeFiles/Power_Management_HAT.dir/home/pi/pico/pico-sdk/src/rp2_common/pico_stdio/stdio.c.obj
 .text.__wrap_putchar
                0x10004d54       0xa4 CMakeFiles/Power_Management_HAT.dir/home/pi/pico/pico-sdk/src/rp2_common/pico_stdio/stdio.c.obj
                0x10004d54                __wrap_putchar
 .text.__wrap_puts
                0x10004df8       0x3c CMakeFiles/Power_Management_HAT.dir/home/pi/pico/pico-sdk/src/rp2_common/pico_stdio/stdio.c.obj
                0x10004df8                __wrap_puts
 .text.stdio_set_driver_enabled
                0x10004e34       0x30 CMakeFiles/Power_Management_HAT.dir/home/pi/pico/pico-sdk/src/rp2_common/pico_stdio/stdio.c.obj
                0x10004e34                stdio_set_driver_enabled
 .text.__wrap_vprintf
                0x10004e64       0x98 CMakeFiles/Power_Management_HAT.dir/home/pi/pico/pico-sdk/src/rp2_common/pico_stdio/stdio.c.obj
                0x10004e64                __wrap_vprintf
 .text.__wrap_printf
                0x10004efc       0x18 CMakeFiles/Power_Management_HAT.dir/home/pi/pico/pico-sdk/src/rp2_common/pico_stdio/stdio.c.obj
                0x10004efc                __wrap_printf
 .text.stdio_init_all
                0x10004f14        0xc CMakeFiles/Power_Management_HAT.dir/home/pi/pico/pico-sdk/src/rp2_common/pico_stdio/stdio.c.obj
                0x10004f14                stdio_init_all
 .text.stdio_uart_out_chars
                0x10004f20       0x4c CMakeFiles/Power_Management_HAT.dir/home/pi/pico/pico-sdk/src/rp2_common/pico_stdio_uart/stdio_uart.c.obj
 .text.stdio_uart_in_chars
                0x10004f6c       0x3c CMakeFiles/Power_Management_HAT.dir/home/pi/pico/pico-sdk/src/rp2_common/pico_stdio_uart/stdio_uart.c.obj
                0x10004f6c                stdio_uart_in_chars
 .text.stdio_uart_init
                0x10004fa8       0x48 CMakeFiles/Power_Management_HAT.dir/home/pi/pico/pico-sdk/src/rp2_common/pico_stdio_uart/stdio_uart.c.obj
                0x10004fa8                stdio_uart_init
 .text.resetd_init
                0x10004ff0        0x4 CMakeFiles/Power_Management_HAT.dir/home/pi/pico/pico-sdk/src/rp2_common/pico_stdio_usb/reset_interface.c.obj
 .text.resetd_reset
                0x10004ff4        0xc CMakeFiles/Power_Management_HAT.dir/home/pi/pico/pico-sdk/src/rp2_common/pico_stdio_usb/reset_interface.c.obj
 .text.resetd_open
                0x10005000       0x28 CMakeFiles/Power_Management_HAT.dir/home/pi/pico/pico-sdk/src/rp2_common/pico_stdio_usb/reset_interface.c.obj
 .text.resetd_xfer_cb
                0x10005028        0x4 CMakeFiles/Power_Management_HAT.dir/home/pi/pico/pico-sdk/src/rp2_common/pico_stdio_usb/reset_interface.c.obj
 .text.resetd_control_xfer_cb
                0x1000502c       0x64 CMakeFiles/Power_Management_HAT.dir/home/pi/pico/pico-sdk/src/rp2_common/pico_stdio_usb/reset_interface.c.obj
 .text.usbd_app_driver_get_cb
                0x10005090        0xc CMakeFiles/Power_Management_HAT.dir/home/pi/pico/pico-sdk/src/rp2_common/pico_stdio_usb/reset_interface.c.obj
                0x10005090                usbd_app_driver_get_cb
 .text.tud_cdc_line_coding_cb
                0x1000509c       0x34 CMakeFiles/Power_Management_HAT.dir/home/pi/pico/pico-sdk/src/rp2_common/pico_stdio_usb/reset_interface.c.obj
                0x1000509c                tud_cdc_line_coding_cb
 .text.stdio_usb_in_chars
                0x100050d0       0x68 CMakeFiles/Power_Management_HAT.dir/home/pi/pico/pico-sdk/src/rp2_common/pico_stdio_usb/stdio_usb.c.obj
                0x100050d0                stdio_usb_in_chars
 .text.stdio_usb_out_chars
                0x10005138       0xf0 CMakeFiles/Power_Management_HAT.dir/home/pi/pico/pico-sdk/src/rp2_common/pico_stdio_usb/stdio_usb.c.obj
 .text.timer_task
                0x10005228       0x18 CMakeFiles/Power_Management_HAT.dir/home/pi/pico/pico-sdk/src/rp2_common/pico_stdio_usb/stdio_usb.c.obj
 .text.usb_irq  0x10005240       0x10 CMakeFiles/Power_Management_HAT.dir/home/pi/pico/pico-sdk/src/rp2_common/pico_stdio_usb/stdio_usb.c.obj
 .text.low_priority_worker_irq
                0x10005250       0x24 CMakeFiles/Power_Management_HAT.dir/home/pi/pico/pico-sdk/src/rp2_common/pico_stdio_usb/stdio_usb.c.obj
 .text.stdio_usb_init
                0x10005274       0xac CMakeFiles/Power_Management_HAT.dir/home/pi/pico/pico-sdk/src/rp2_common/pico_stdio_usb/stdio_usb.c.obj
                0x10005274                stdio_usb_init
 .text.tud_descriptor_device_cb
                0x10005320        0x8 CMakeFiles/Power_Management_HAT.dir/home/pi/pico/pico-sdk/src/rp2_common/pico_stdio_usb/stdio_usb_descriptors.c.obj
                0x10005320                tud_descriptor_device_cb
 .text.tud_descriptor_configuration_cb
                0x10005328        0x8 CMakeFiles/Power_Management_HAT.dir/home/pi/pico/pico-sdk/src/rp2_common/pico_stdio_usb/stdio_usb_descriptors.c.obj
                0x10005328                tud_descriptor_configuration_cb
 .text.tud_descriptor_string_cb
                0x10005330       0x70 CMakeFiles/Power_Management_HAT.dir/home/pi/pico/pico-sdk/src/rp2_common/pico_stdio_usb/stdio_usb_descriptors.c.obj
                0x10005330                tud_descriptor_string_cb
 .text.dcd_rp2040_irq
                0x100053a0      0x21c CMakeFiles/Power_Management_HAT.dir/home/pi/pico/pico-sdk/lib/tinyusb/src/portable/raspberrypi/rp2040/dcd_rp2040.c.obj
 .text.dcd_int_enable
                0x100055bc        0xc CMakeFiles/Power_Management_HAT.dir/home/pi/pico/pico-sdk/lib/tinyusb/src/portable/raspberrypi/rp2040/dcd_rp2040.c.obj
                0x100055bc                dcd_int_enable
 .text.dcd_set_address
                0x100055c8       0x14 CMakeFiles/Power_Management_HAT.dir/home/pi/pico/pico-sdk/lib/tinyusb/src/portable/raspberrypi/rp2040/dcd_rp2040.c.obj
                0x100055c8                dcd_set_address
 .text.dcd_connect
                0x100055dc       0x10 CMakeFiles/Power_Management_HAT.dir/home/pi/pico/pico-sdk/lib/tinyusb/src/portable/raspberrypi/rp2040/dcd_rp2040.c.obj
                0x100055dc                dcd_connect
 .text.dcd_init
                0x100055ec      0x144 CMakeFiles/Power_Management_HAT.dir/home/pi/pico/pico-sdk/lib/tinyusb/src/portable/raspberrypi/rp2040/dcd_rp2040.c.obj
                0x100055ec                dcd_init
 .text.dcd_edpt0_status_complete
                0x10005730       0x1c CMakeFiles/Power_Management_HAT.dir/home/pi/pico/pico-sdk/lib/tinyusb/src/portable/raspberrypi/rp2040/dcd_rp2040.c.obj
                0x10005730                dcd_edpt0_status_complete
 .text.dcd_edpt_open
                0x1000574c       0xe4 CMakeFiles/Power_Management_HAT.dir/home/pi/pico/pico-sdk/lib/tinyusb/src/portable/raspberrypi/rp2040/dcd_rp2040.c.obj
                0x1000574c                dcd_edpt_open
 .text.dcd_edpt_close_all
                0x10005830       0xbc CMakeFiles/Power_Management_HAT.dir/home/pi/pico/pico-sdk/lib/tinyusb/src/portable/raspberrypi/rp2040/dcd_rp2040.c.obj
                0x10005830                dcd_edpt_close_all
 .text.dcd_edpt_xfer
                0x100058ec       0x24 CMakeFiles/Power_Management_HAT.dir/home/pi/pico/pico-sdk/lib/tinyusb/src/portable/raspberrypi/rp2040/dcd_rp2040.c.obj
                0x100058ec                dcd_edpt_xfer
 .text.dcd_edpt_stall
                0x10005910       0x34 CMakeFiles/Power_Management_HAT.dir/home/pi/pico/pico-sdk/lib/tinyusb/src/portable/raspberrypi/rp2040/dcd_rp2040.c.obj
                0x10005910                dcd_edpt_stall
 .text.dcd_edpt_clear_stall
                0x10005944       0x2c CMakeFiles/Power_Management_HAT.dir/home/pi/pico/pico-sdk/lib/tinyusb/src/portable/raspberrypi/rp2040/dcd_rp2040.c.obj
                0x10005944                dcd_edpt_clear_stall
 .text._hw_endpoint_buffer_control_update32.part.2
                0x10005970       0x20 CMakeFiles/Power_Management_HAT.dir/home/pi/pico/pico-sdk/lib/tinyusb/src/portable/raspberrypi/rp2040/rp2040_usb.c.obj
 .text.rp2040_usb_init
                0x10005990       0x4c CMakeFiles/Power_Management_HAT.dir/home/pi/pico/pico-sdk/lib/tinyusb/src/portable/raspberrypi/rp2040/rp2040_usb.c.obj
                0x10005990                rp2040_usb_init
 .text.hw_endpoint_reset_transfer
                0x100059dc        0xc CMakeFiles/Power_Management_HAT.dir/home/pi/pico/pico-sdk/lib/tinyusb/src/portable/raspberrypi/rp2040/rp2040_usb.c.obj
                0x100059dc                hw_endpoint_reset_transfer
 .text._hw_endpoint_buffer_control_update32
                0x100059e8       0x40 CMakeFiles/Power_Management_HAT.dir/home/pi/pico/pico-sdk/lib/tinyusb/src/portable/raspberrypi/rp2040/rp2040_usb.c.obj
                0x100059e8                _hw_endpoint_buffer_control_update32
 .text.hw_endpoint_xfer_start
                0x10005a28      0x138 CMakeFiles/Power_Management_HAT.dir/home/pi/pico/pico-sdk/lib/tinyusb/src/portable/raspberrypi/rp2040/rp2040_usb.c.obj
                0x10005a28                hw_endpoint_xfer_start
 .text.hw_endpoint_xfer_continue
                0x10005b60      0x1e0 CMakeFiles/Power_Management_HAT.dir/home/pi/pico/pico-sdk/lib/tinyusb/src/portable/raspberrypi/rp2040/rp2040_usb.c.obj
                0x10005b60                hw_endpoint_xfer_continue
 .text.tud_mounted
                0x10005d40       0x10 CMakeFiles/Power_Management_HAT.dir/home/pi/pico/pico-sdk/lib/tinyusb/src/device/usbd.c.obj
                0x10005d40                tud_mounted
 .text.tud_suspended
                0x10005d50       0x10 CMakeFiles/Power_Management_HAT.dir/home/pi/pico/pico-sdk/lib/tinyusb/src/device/usbd.c.obj
                0x10005d50                tud_suspended
 .text.tud_inited
                0x10005d60        0xc CMakeFiles/Power_Management_HAT.dir/home/pi/pico/pico-sdk/lib/tinyusb/src/device/usbd.c.obj
                0x10005d60                tud_inited
 .text.tud_init
                0x10005d6c       0xd4 CMakeFiles/Power_Management_HAT.dir/home/pi/pico/pico-sdk/lib/tinyusb/src/device/usbd.c.obj
                0x10005d6c                tud_init
 .text.tud_task
                0x10005e40      0x928 CMakeFiles/Power_Management_HAT.dir/home/pi/pico/pico-sdk/lib/tinyusb/src/device/usbd.c.obj
                0x10005e40                tud_task
 .text.dcd_event_bus_signal
                0x10006768      0x124 CMakeFiles/Power_Management_HAT.dir/home/pi/pico/pico-sdk/lib/tinyusb/src/device/usbd.c.obj
                0x10006768                dcd_event_bus_signal
 .text.dcd_event_bus_reset
                0x1000688c       0x58 CMakeFiles/Power_Management_HAT.dir/home/pi/pico/pico-sdk/lib/tinyusb/src/device/usbd.c.obj
                0x1000688c                dcd_event_bus_reset
 .text.dcd_event_setup_received
                0x100068e4       0x50 CMakeFiles/Power_Management_HAT.dir/home/pi/pico/pico-sdk/lib/tinyusb/src/device/usbd.c.obj
                0x100068e4                dcd_event_setup_received
 .text.dcd_event_xfer_complete
                0x10006934       0x68 CMakeFiles/Power_Management_HAT.dir/home/pi/pico/pico-sdk/lib/tinyusb/src/device/usbd.c.obj
                0x10006934                dcd_event_xfer_complete
 .text.usbd_open_edpt_pair
                0x1000699c       0x9c CMakeFiles/Power_Management_HAT.dir/home/pi/pico/pico-sdk/lib/tinyusb/src/device/usbd.c.obj
                0x1000699c                usbd_open_edpt_pair
 .text.usbd_edpt_open
                0x10006a38       0x30 CMakeFiles/Power_Management_HAT.dir/home/pi/pico/pico-sdk/lib/tinyusb/src/device/usbd.c.obj
                0x10006a38                usbd_edpt_open
 .text.usbd_edpt_claim
                0x10006a68       0x60 CMakeFiles/Power_Management_HAT.dir/home/pi/pico/pico-sdk/lib/tinyusb/src/device/usbd.c.obj
                0x10006a68                usbd_edpt_claim
 .text.usbd_edpt_release
                0x10006ac8       0x4c CMakeFiles/Power_Management_HAT.dir/home/pi/pico/pico-sdk/lib/tinyusb/src/device/usbd.c.obj
                0x10006ac8                usbd_edpt_release
 .text.usbd_edpt_xfer
                0x10006b14       0x48 CMakeFiles/Power_Management_HAT.dir/home/pi/pico/pico-sdk/lib/tinyusb/src/device/usbd.c.obj
                0x10006b14                usbd_edpt_xfer
 .text.tud_control_status
                0x10006b5c       0x30 CMakeFiles/Power_Management_HAT.dir/home/pi/pico/pico-sdk/lib/tinyusb/src/device/usbd_control.c.obj
                0x10006b5c                tud_control_status
 .text.tud_control_xfer
                0x10006b8c       0xb4 CMakeFiles/Power_Management_HAT.dir/home/pi/pico/pico-sdk/lib/tinyusb/src/device/usbd_control.c.obj
                0x10006b8c                tud_control_xfer
 .text.usbd_control_reset
                0x10006c40       0x14 CMakeFiles/Power_Management_HAT.dir/home/pi/pico/pico-sdk/lib/tinyusb/src/device/usbd_control.c.obj
                0x10006c40                usbd_control_reset
 .text.usbd_control_set_complete_callback
                0x10006c54        0xc CMakeFiles/Power_Management_HAT.dir/home/pi/pico/pico-sdk/lib/tinyusb/src/device/usbd_control.c.obj
                0x10006c54                usbd_control_set_complete_callback
 .text.usbd_control_set_request
                0x10006c60       0x1c CMakeFiles/Power_Management_HAT.dir/home/pi/pico/pico-sdk/lib/tinyusb/src/device/usbd_control.c.obj
                0x10006c60                usbd_control_set_request
 .text.usbd_control_xfer_cb
                0x10006c7c       0xfc CMakeFiles/Power_Management_HAT.dir/home/pi/pico/pico-sdk/lib/tinyusb/src/device/usbd_control.c.obj
                0x10006c7c                usbd_control_xfer_cb
 .text.tud_cdc_n_connected
                0x10006d78       0x30 CMakeFiles/Power_Management_HAT.dir/home/pi/pico/pico-sdk/lib/tinyusb/src/class/cdc/cdc_device.c.obj
                0x10006d78                tud_cdc_n_connected
 .text.tud_cdc_n_available
                0x10006da8       0x18 CMakeFiles/Power_Management_HAT.dir/home/pi/pico/pico-sdk/lib/tinyusb/src/class/cdc/cdc_device.c.obj
                0x10006da8                tud_cdc_n_available
 .text.tud_cdc_n_read
                0x10006dc0       0x70 CMakeFiles/Power_Management_HAT.dir/home/pi/pico/pico-sdk/lib/tinyusb/src/class/cdc/cdc_device.c.obj
                0x10006dc0                tud_cdc_n_read
 .text.tud_cdc_n_write_flush
                0x10006e30       0x78 CMakeFiles/Power_Management_HAT.dir/home/pi/pico/pico-sdk/lib/tinyusb/src/class/cdc/cdc_device.c.obj
                0x10006e30                tud_cdc_n_write_flush
 .text.tud_cdc_n_write
                0x10006ea8       0x34 CMakeFiles/Power_Management_HAT.dir/home/pi/pico/pico-sdk/lib/tinyusb/src/class/cdc/cdc_device.c.obj
                0x10006ea8                tud_cdc_n_write
 .text.tud_cdc_n_write_available
                0x10006edc       0x18 CMakeFiles/Power_Management_HAT.dir/home/pi/pico/pico-sdk/lib/tinyusb/src/class/cdc/cdc_device.c.obj
                0x10006edc                tud_cdc_n_write_available
 .text.cdcd_init
                0x10006ef4       0x7c CMakeFiles/Power_Management_HAT.dir/home/pi/pico/pico-sdk/lib/tinyusb/src/class/cdc/cdc_device.c.obj
                0x10006ef4                cdcd_init
 .text.cdcd_reset
                0x10006f70       0x2c CMakeFiles/Power_Management_HAT.dir/home/pi/pico/pico-sdk/lib/tinyusb/src/class/cdc/cdc_device.c.obj
                0x10006f70                cdcd_reset
 .text.cdcd_open
                0x10006f9c       0xe4 CMakeFiles/Power_Management_HAT.dir/home/pi/pico/pico-sdk/lib/tinyusb/src/class/cdc/cdc_device.c.obj
                0x10006f9c                cdcd_open
 .text.cdcd_control_xfer_cb
                0x10007080       0xdc CMakeFiles/Power_Management_HAT.dir/home/pi/pico/pico-sdk/lib/tinyusb/src/class/cdc/cdc_device.c.obj
                0x10007080                cdcd_control_xfer_cb
 .text.cdcd_xfer_cb
                0x1000715c      0x19c CMakeFiles/Power_Management_HAT.dir/home/pi/pico/pico-sdk/lib/tinyusb/src/class/cdc/cdc_device.c.obj
                0x1000715c                cdcd_xfer_cb
 .text.tusb_init
                0x100072f8        0xc CMakeFiles/Power_Management_HAT.dir/home/pi/pico/pico-sdk/lib/tinyusb/src/tusb.c.obj
                0x100072f8                tusb_init
 .text.tusb_inited
                0x10007304        0x8 CMakeFiles/Power_Management_HAT.dir/home/pi/pico/pico-sdk/lib/tinyusb/src/tusb.c.obj
                0x10007304                tusb_inited
 .text.tu_edpt_validate
                0x1000730c       0x74 CMakeFiles/Power_Management_HAT.dir/home/pi/pico/pico-sdk/lib/tinyusb/src/tusb.c.obj
                0x1000730c                tu_edpt_validate
 .text.tu_edpt_bind_driver
                0x10007380       0x2c CMakeFiles/Power_Management_HAT.dir/home/pi/pico/pico-sdk/lib/tinyusb/src/tusb.c.obj
                0x10007380                tu_edpt_bind_driver
 .text.tu_fifo_config
                0x100073ac       0x78 CMakeFiles/Power_Management_HAT.dir/home/pi/pico/pico-sdk/lib/tinyusb/src/common/tusb_fifo.c.obj
                0x100073ac                tu_fifo_config
 .text.tu_fifo_count
                0x10007424       0x24 CMakeFiles/Power_Management_HAT.dir/home/pi/pico/pico-sdk/lib/tinyusb/src/common/tusb_fifo.c.obj
                0x10007424                tu_fifo_count
 .text.tu_fifo_empty
                0x10007448       0x10 CMakeFiles/Power_Management_HAT.dir/home/pi/pico/pico-sdk/lib/tinyusb/src/common/tusb_fifo.c.obj
                0x10007448                tu_fifo_empty
 .text.tu_fifo_remaining
                0x10007458       0x20 CMakeFiles/Power_Management_HAT.dir/home/pi/pico/pico-sdk/lib/tinyusb/src/common/tusb_fifo.c.obj
                0x10007458                tu_fifo_remaining
 .text.tu_fifo_read
                0x10007478       0xa0 CMakeFiles/Power_Management_HAT.dir/home/pi/pico/pico-sdk/lib/tinyusb/src/common/tusb_fifo.c.obj
                0x10007478                tu_fifo_read
 .text.tu_fifo_read_n
                0x10007518       0xf8 CMakeFiles/Power_Management_HAT.dir/home/pi/pico/pico-sdk/lib/tinyusb/src/common/tusb_fifo.c.obj
                0x10007518                tu_fifo_read_n
 .text.tu_fifo_write
                0x10007610       0x80 CMakeFiles/Power_Management_HAT.dir/home/pi/pico/pico-sdk/lib/tinyusb/src/common/tusb_fifo.c.obj
                0x10007610                tu_fifo_write
 .text.tu_fifo_write_n
                0x10007690       0xfc CMakeFiles/Power_Management_HAT.dir/home/pi/pico/pico-sdk/lib/tinyusb/src/common/tusb_fifo.c.obj
                0x10007690                tu_fifo_write_n
 .text.tu_fifo_clear
                0x1000778c       0x4c CMakeFiles/Power_Management_HAT.dir/home/pi/pico/pico-sdk/lib/tinyusb/src/common/tusb_fifo.c.obj
                0x1000778c                tu_fifo_clear
 .text.tu_fifo_set_overwritable
                0x100077d8       0x3c CMakeFiles/Power_Management_HAT.dir/home/pi/pico/pico-sdk/lib/tinyusb/src/common/tusb_fifo.c.obj
                0x100077d8                tu_fifo_set_overwritable
 .text.startup._retrieve_unique_id_on_boot
                0x10007814       0x10 CMakeFiles/Power_Management_HAT.dir/home/pi/pico/pico-sdk/src/rp2_common/pico_unique_id/unique_id.c.obj
 .text.pico_get_unique_board_id_string
                0x10007824      0x1cc CMakeFiles/Power_Management_HAT.dir/home/pi/pico/pico-sdk/src/rp2_common/pico_unique_id/unique_id.c.obj
                0x10007824                pico_get_unique_board_id_string
 .text.flash_get_unique_id
                0x100079f0       0x3c CMakeFiles/Power_Management_HAT.dir/home/pi/pico/pico-sdk/src/rp2_common/hardware_flash/flash.c.obj
                0x100079f0                flash_get_unique_id
 .text.i2c_init
                0x10007a2c      0x108 CMakeFiles/Power_Management_HAT.dir/home/pi/pico/pico-sdk/src/rp2_common/hardware_i2c/i2c.c.obj
                0x10007a2c                i2c_init
 .text.i2c_write_blocking
                0x10007b34       0xd4 CMakeFiles/Power_Management_HAT.dir/home/pi/pico/pico-sdk/src/rp2_common/hardware_i2c/i2c.c.obj
                0x10007b34                i2c_write_blocking
 .text.i2c_read_blocking
                0x10007c08       0x9c CMakeFiles/Power_Management_HAT.dir/home/pi/pico/pico-sdk/src/rp2_common/hardware_i2c/i2c.c.obj
                0x10007c08                i2c_read_blocking
 .text.spi_init
                0x10007ca4       0xf4 CMakeFiles/Power_Management_HAT.dir/home/pi/pico/pico-sdk/src/rp2_common/hardware_spi/spi.c.obj
                0x10007ca4                spi_init
 .text.adc_init
                0x10007d98       0x38 CMakeFiles/Power_Management_HAT.dir/home/pi/pico/pico-sdk/src/rp2_common/hardware_adc/adc.c.obj
                0x10007d98                adc_init
 .text.Timer_Callback
                0x10007dd0       0x80 examples/libexamples.a(Button_Ctr.c.obj)
 .text.Button_Ctr_Init
                0x10007e50       0x34 examples/libexamples.a(Button_Ctr.c.obj)
                0x10007e50                Button_Ctr_Init
 .text.Button_Ctr_Loop
                0x10007e84        0x8 examples/libexamples.a(Button_Ctr.c.obj)
                0x10007e84                Button_Ctr_Loop
 .text.Timer_Callback
                0x10007e8c       0x1c lib/Power_Management_Lib/libPower_Management_Lib.a(Power_Management_Lib.c.obj)
 .text.Shutdown
                0x10007ea8       0x78 lib/Power_Management_Lib/libPower_Management_Lib.a(Power_Management_Lib.c.obj)
                0x10007ea8                Shutdown
 .text.Power_init
                0x10007f20       0x54 lib/Power_Management_Lib/libPower_Management_Lib.a(Power_Management_Lib.c.obj)
                0x10007f20                Power_init
 .text.Power_Ctrl_By_Button
                0x10007f74      0x17c lib/Power_Management_Lib/libPower_Management_Lib.a(Power_Management_Lib.c.obj)
                0x10007f74                Power_Ctrl_By_Button
 .text.Power_State_Get_All
                0x100080f0       0x6c lib/Power_Management_Lib/libPower_Management_Lib.a(Power_Management_Lib.c.obj)
                0x100080f0                Power_State_Get_All
 .text.DEV_Digital_Write
                0x1000815c       0x14 lib/Config/libConfig.a(DEV_Config.c.obj)
                0x1000815c                DEV_Digital_Write
 .text.DEV_Digital_Read
                0x10008170       0x10 lib/Config/libConfig.a(DEV_Config.c.obj)
                0x10008170                DEV_Digital_Read
 .text.DEV_I2C_Write_Byte
                0x10008180       0x24 lib/Config/libConfig.a(DEV_Config.c.obj)
                0x10008180                DEV_I2C_Write_Byte
 .text.DEV_I2C_Write_Register
                0x100081a4       0x28 lib/Config/libConfig.a(DEV_Config.c.obj)
                0x100081a4                DEV_I2C_Write_Register
 .text.DEV_I2C_Read_Byte
                0x100081cc       0x38 lib/Config/libConfig.a(DEV_Config.c.obj)
                0x100081cc                DEV_I2C_Read_Byte
 .text.DEV_I2C_Read_Register
                0x10008204       0x40 lib/Config/libConfig.a(DEV_Config.c.obj)
                0x10008204                DEV_I2C_Read_Register
 .text.DEC_ADC_Read
                0x10008244       0x20 lib/Config/libConfig.a(DEV_Config.c.obj)
                0x10008244                DEC_ADC_Read
 .text.DEV_Delay_ms
                0x10008264        0x8 lib/Config/libConfig.a(DEV_Config.c.obj)
                0x10008264                DEV_Delay_ms
 .text.DEV_GPIO_Init
                0x1000826c       0xbc lib/Config/libConfig.a(DEV_Config.c.obj)
                0x1000826c                DEV_GPIO_Init
 .text.DEV_Module_Init
                0x10008328       0xf8 lib/Config/libConfig.a(DEV_Config.c.obj)
                0x10008328                DEV_Module_Init
 .text.INA219_begin
                0x10008420       0x40 lib/INA219/libINA219.a(INA219.c.obj)
                0x10008420                INA219_begin
 .text.INA219_getBusVoltage_V
                0x10008460       0x34 lib/INA219/libINA219.a(INA219.c.obj)
                0x10008460                INA219_getBusVoltage_V
 .text.INA219_getCurrent_mA
                0x10008494       0x44 lib/INA219/libINA219.a(INA219.c.obj)
                0x10008494                INA219_getCurrent_mA
 .text.PCF85063A_Init
                0x100084d8       0x10 lib/PCF85063A/libPCF85063A.a(PCF85063A.c.obj)
                0x100084d8                PCF85063A_Init
 .text.PCF85063A_Get_Alarm_Flag
                0x100084e8       0x10 lib/PCF85063A/libPCF85063A.a(PCF85063A.c.obj)
                0x100084e8                PCF85063A_Get_Alarm_Flag
 .text.MP28167_Default_Config
                0x100084f8       0x18 lib/MP28167/libMP28167.a(MP28167.c.obj)
                0x100084f8                MP28167_Default_Config
 .text          0x10008510       0x68 /usr/lib/gcc/arm-none-eabi/8.3.1/../../../arm-none-eabi/lib/thumb/v6-m/nofp/libc.a(lib_a-strlen-stub.o)
                0x10008510                strlen
 *(.fini)
 .fini          0x10008578        0x4 /usr/lib/gcc/arm-none-eabi/8.3.1/thumb/v6-m/nofp/crti.o
                0x10008578                _fini
 *fill*         0x1000857c        0x4 
 .fini.__stub   0x10008580       0x70 linker stubs
 *crtbegin.o(.ctors)
 *crtbegin?.o(.ctors)
 *(EXCLUDE_FILE(*crtend.o *crtend?.o) .ctors)
 *(SORT_BY_NAME(.ctors.*))
 *(.ctors)
 *crtbegin.o(.dtors)
 *crtbegin?.o(.dtors)
 *(EXCLUDE_FILE(*crtend.o *crtend?.o) .dtors)
 *(SORT_BY_NAME(.dtors.*))
 *(.dtors)
 *(.eh_frame*)
 .eh_frame      0x100085f0        0x0 /usr/lib/gcc/arm-none-eabi/8.3.1/thumb/v6-m/nofp/crtbegin.o
                0x100085f0                . = ALIGN (0x4)

.glue_7         0x100085f0        0x0
 .glue_7        0x100085f0        0x0 linker stubs

.glue_7t        0x100085f0        0x0
 .glue_7t       0x100085f0        0x0 linker stubs

.vfp11_veneer   0x100085f0        0x0
 .vfp11_veneer  0x100085f0        0x0 linker stubs

.v4_bx          0x100085f0        0x0
 .v4_bx         0x100085f0        0x0 linker stubs

.iplt           0x100085f0        0x0
 .iplt          0x100085f0        0x0 /usr/lib/gcc/arm-none-eabi/8.3.1/thumb/v6-m/nofp/crtbegin.o

.rodata         0x100085f0      0x7c4
 *(EXCLUDE_FILE(*libm.a: *libc.a:*lib_a-mem*.o *libgcc.a:) .rodata*)
 .rodata.spin_lock_claim_unused.str1.4
                0x100085f0       0x1b CMakeFiles/Power_Management_HAT.dir/home/pi/pico/pico-sdk/src/rp2_common/hardware_sync/sync.c.obj
 *fill*         0x1000860b        0x1 
 .rodata.user_irq_claim_unused.str1.4
                0x1000860c       0x1b CMakeFiles/Power_Management_HAT.dir/home/pi/pico/pico-sdk/src/rp2_common/hardware_irq/irq.c.obj
 *fill*         0x10008627        0x1 
 .rodata.hardware_alarm_claim.str1.4
                0x10008628       0x22 CMakeFiles/Power_Management_HAT.dir/home/pi/pico/pico-sdk/src/rp2_common/hardware_timer/timer.c.obj
 *fill*         0x1000864a        0x2 
 .rodata.hard_assertion_failure.str1.4
                0x1000864c        0xc CMakeFiles/Power_Management_HAT.dir/home/pi/pico/pico-sdk/src/rp2_common/pico_runtime/runtime.c.obj
 .rodata.panic.str1.4
                0x10008658       0x10 CMakeFiles/Power_Management_HAT.dir/home/pi/pico/pico-sdk/src/rp2_common/pico_runtime/runtime.c.obj
                                 0x12 (size before relaxing)
 .rodata._vsnprintf
                0x10008668      0x1e0 CMakeFiles/Power_Management_HAT.dir/home/pi/pico/pico-sdk/src/rp2_common/pico_printf/printf.c.obj
 .rodata._ftoa.str1.4
                0x10008848       0x15 CMakeFiles/Power_Management_HAT.dir/home/pi/pico/pico-sdk/src/rp2_common/pico_printf/printf.c.obj
 *fill*         0x1000885d        0x3 
 .rodata.pow10.5494
                0x10008860       0x50 CMakeFiles/Power_Management_HAT.dir/home/pi/pico/pico-sdk/src/rp2_common/pico_printf/printf.c.obj
 .rodata.__bi_44
                0x100088b0        0xc CMakeFiles/Power_Management_HAT.dir/home/pi/pico/pico-sdk/src/rp2_common/pico_standard_link/binary_info.c.obj
 .rodata.__bi_56
                0x100088bc        0xc CMakeFiles/Power_Management_HAT.dir/home/pi/pico/pico-sdk/src/rp2_common/pico_standard_link/binary_info.c.obj
 .rodata.__bi_75
                0x100088c8        0xc CMakeFiles/Power_Management_HAT.dir/home/pi/pico/pico-sdk/src/rp2_common/pico_standard_link/binary_info.c.obj
 .rodata.__bi_81
                0x100088d4        0xc CMakeFiles/Power_Management_HAT.dir/home/pi/pico/pico-sdk/src/rp2_common/pico_standard_link/binary_info.c.obj
 .rodata.str1.4
                0x100088e0       0x50 CMakeFiles/Power_Management_HAT.dir/home/pi/pico/pico-sdk/src/rp2_common/pico_standard_link/binary_info.c.obj
 .rodata.crlf_str.6115
                0x10008930        0x2 CMakeFiles/Power_Management_HAT.dir/home/pi/pico/pico-sdk/src/rp2_common/pico_stdio/stdio.c.obj
 *fill*         0x10008932        0x2 
 .rodata.__bi_28.4909
                0x10008934        0xc CMakeFiles/Power_Management_HAT.dir/home/pi/pico/pico-sdk/src/rp2_common/pico_stdio_uart/stdio_uart.c.obj
 .rodata.__bi_29.4913
                0x10008940        0x8 CMakeFiles/Power_Management_HAT.dir/home/pi/pico/pico-sdk/src/rp2_common/pico_stdio_uart/stdio_uart.c.obj
 .rodata.str1.4
                0x10008948       0x2c CMakeFiles/Power_Management_HAT.dir/home/pi/pico/pico-sdk/src/rp2_common/pico_stdio_uart/stdio_uart.c.obj
 .rodata._resetd_driver
                0x10008974       0x18 CMakeFiles/Power_Management_HAT.dir/home/pi/pico/pico-sdk/src/rp2_common/pico_stdio_usb/reset_interface.c.obj
 .rodata.__bi_118.7257
                0x1000898c        0xc CMakeFiles/Power_Management_HAT.dir/home/pi/pico/pico-sdk/src/rp2_common/pico_stdio_usb/stdio_usb.c.obj
 .rodata.str1.4
                0x10008998       0x13 CMakeFiles/Power_Management_HAT.dir/home/pi/pico/pico-sdk/src/rp2_common/pico_stdio_usb/stdio_usb.c.obj
 *fill*         0x100089ab        0x1 
 .rodata.str1.4
                0x100089ac       0x2a CMakeFiles/Power_Management_HAT.dir/home/pi/pico/pico-sdk/src/rp2_common/pico_stdio_usb/stdio_usb_descriptors.c.obj
 *fill*         0x100089d6        0x2 
 .rodata.usbd_desc_cfg
                0x100089d8       0x54 CMakeFiles/Power_Management_HAT.dir/home/pi/pico/pico-sdk/src/rp2_common/pico_stdio_usb/stdio_usb_descriptors.c.obj
 .rodata.usbd_desc_device
                0x10008a2c       0x12 CMakeFiles/Power_Management_HAT.dir/home/pi/pico/pico-sdk/src/rp2_common/pico_stdio_usb/stdio_usb_descriptors.c.obj
 *fill*         0x10008a3e        0x2 
 .rodata.usbd_desc_str
                0x10008a40       0x18 CMakeFiles/Power_Management_HAT.dir/home/pi/pico/pico-sdk/src/rp2_common/pico_stdio_usb/stdio_usb_descriptors.c.obj
 .rodata.dcd_rp2040_irq.str1.4
                0x10008a58       0x14 CMakeFiles/Power_Management_HAT.dir/home/pi/pico/pico-sdk/lib/tinyusb/src/portable/raspberrypi/rp2040/dcd_rp2040.c.obj
 .rodata._hw_endpoint_buffer_control_update32.part.2.str1.4
                0x10008a6c       0x1f CMakeFiles/Power_Management_HAT.dir/home/pi/pico/pico-sdk/lib/tinyusb/src/portable/raspberrypi/rp2040/rp2040_usb.c.obj
 *fill*         0x10008a8b        0x1 
 .rodata.hw_endpoint_xfer_continue.str1.4
                0x10008a8c       0x29 CMakeFiles/Power_Management_HAT.dir/home/pi/pico/pico-sdk/lib/tinyusb/src/portable/raspberrypi/rp2040/rp2040_usb.c.obj
 .rodata.str1.4
                0x10008ab5       0x29 CMakeFiles/Power_Management_HAT.dir/home/pi/pico/pico-sdk/lib/tinyusb/src/portable/raspberrypi/rp2040/rp2040_usb.c.obj
                                  0x7 (size before relaxing)
 *fill*         0x10008ab5        0x3 
 .rodata.tud_task
                0x10008ab8       0x8c CMakeFiles/Power_Management_HAT.dir/home/pi/pico/pico-sdk/lib/tinyusb/src/device/usbd.c.obj
 .rodata._usbd_driver
                0x10008b44       0x18 CMakeFiles/Power_Management_HAT.dir/home/pi/pico/pico-sdk/lib/tinyusb/src/device/usbd.c.obj
 .rodata.Timer_Callback.str1.4
                0x10008b5c       0x8a examples/libexamples.a(Button_Ctr.c.obj)
 *fill*         0x10008be6        0x2 
 .rodata.Power_Ctrl_By_Button.str1.4
                0x10008be8       0x90 lib/Power_Management_Lib/libPower_Management_Lib.a(Power_Management_Lib.c.obj)
 .rodata.Power_State_Crtl.str1.4
                0x10008c78       0x20 lib/Power_Management_Lib/libPower_Management_Lib.a(Power_Management_Lib.c.obj)
 .rodata.Shutdown.str1.4
                0x10008c98       0x7b lib/Power_Management_Lib/libPower_Management_Lib.a(Power_Management_Lib.c.obj)
 *fill*         0x10008d13        0x1 
 .rodata.Wait_For_Boot.str1.4
                0x10008d14       0x84 lib/Power_Management_Lib/libPower_Management_Lib.a(Power_Management_Lib.c.obj)
 .rodata.DEV_Module_Init.str1.4
                0x10008d98       0x1c lib/Config/libConfig.a(DEV_Config.c.obj)
                0x10008db4                . = ALIGN (0x4)
 *(SORT_BY_ALIGNMENT(SORT_BY_NAME(.flashdata*)))
                0x10008db4                . = ALIGN (0x4)

.rel.dyn        0x10008db4        0x0
 .rel.iplt      0x10008db4        0x0 /usr/lib/gcc/arm-none-eabi/8.3.1/thumb/v6-m/nofp/crtbegin.o

.ARM.extab
 *(.ARM.extab* .gnu.linkonce.armextab.*)
                0x10008db4                __exidx_start = .

.ARM.exidx
 *(.ARM.exidx* .gnu.linkonce.armexidx.*)
                0x10008db4                __exidx_end = .
                0x10008db4                . = ALIGN (0x4)
                0x10008db4                __binary_info_start = .

.binary_info    0x10008db4       0x2c
 *(.binary_info.keep.*)
 .binary_info.keep.__bi_ptr22
                0x10008db4        0x4 CMakeFiles/Power_Management_HAT.dir/home/pi/pico/pico-sdk/src/rp2_common/pico_standard_link/binary_info.c.obj
 .binary_info.keep.__bi_ptr30
                0x10008db8        0x4 CMakeFiles/Power_Management_HAT.dir/home/pi/pico/pico-sdk/src/rp2_common/pico_standard_link/binary_info.c.obj
 .binary_info.keep.__bi_ptr38
                0x10008dbc        0x4 CMakeFiles/Power_Management_HAT.dir/home/pi/pico/pico-sdk/src/rp2_common/pico_standard_link/binary_info.c.obj
 .binary_info.keep.__bi_ptr44
                0x10008dc0        0x4 CMakeFiles/Power_Management_HAT.dir/home/pi/pico/pico-sdk/src/rp2_common/pico_standard_link/binary_info.c.obj
 .binary_info.keep.__bi_ptr50
                0x10008dc4        0x4 CMakeFiles/Power_Management_HAT.dir/home/pi/pico/pico-sdk/src/rp2_common/pico_standard_link/binary_info.c.obj
 .binary_info.keep.__bi_ptr56
                0x10008dc8        0x4 CMakeFiles/Power_Management_HAT.dir/home/pi/pico/pico-sdk/src/rp2_common/pico_standard_link/binary_info.c.obj
 .binary_info.keep.__bi_ptr75
                0x10008dcc        0x4 CMakeFiles/Power_Management_HAT.dir/home/pi/pico/pico-sdk/src/rp2_common/pico_standard_link/binary_info.c.obj
 .binary_info.keep.__bi_ptr81
                0x10008dd0        0x4 CMakeFiles/Power_Management_HAT.dir/home/pi/pico/pico-sdk/src/rp2_common/pico_standard_link/binary_info.c.obj
 *(.binary_info.*)
 .binary_info.__bi_ptr28
                0x10008dd4        0x4 CMakeFiles/Power_Management_HAT.dir/home/pi/pico/pico-sdk/src/rp2_common/pico_stdio_uart/stdio_uart.c.obj
 .binary_info.__bi_ptr29
                0x10008dd8        0x4 CMakeFiles/Power_Management_HAT.dir/home/pi/pico/pico-sdk/src/rp2_common/pico_stdio_uart/stdio_uart.c.obj
 .binary_info.__bi_ptr118
                0x10008ddc        0x4 CMakeFiles/Power_Management_HAT.dir/home/pi/pico/pico-sdk/src/rp2_common/pico_stdio_usb/stdio_usb.c.obj
                0x10008de0                __binary_info_end = .
                0x10008de0                . = ALIGN (0x4)
                0x10008de0                __etext = .

.ram_vector_table
                0x20000000       0xc0
 *(.ram_vector_table)
 .ram_vector_table
                0x20000000       0xc0 CMakeFiles/Power_Management_HAT.dir/home/pi/pico/pico-sdk/src/rp2_common/pico_runtime/runtime.c.obj
                0x20000000                ram_vector_table

.data           0x200000c0      0x3e4 load address 0x10008de0
                0x200000c0                __data_start__ = .
 *(vtable)
 *(.time_critical*)
 .time_critical.mutex_enter_blocking
                0x200000c0       0x48 CMakeFiles/Power_Management_HAT.dir/home/pi/pico/pico-sdk/src/common/pico_sync/mutex.c.obj
                0x200000c0                mutex_enter_blocking
 .time_critical.mutex_try_enter
                0x20000108       0x48 CMakeFiles/Power_Management_HAT.dir/home/pi/pico/pico-sdk/src/common/pico_sync/mutex.c.obj
                0x20000108                mutex_try_enter
 .time_critical.mutex_enter_timeout_ms
                0x20000150       0x98 CMakeFiles/Power_Management_HAT.dir/home/pi/pico/pico-sdk/src/common/pico_sync/mutex.c.obj
                0x20000150                mutex_enter_timeout_ms
 .time_critical.mutex_exit
                0x200001e8       0x28 CMakeFiles/Power_Management_HAT.dir/home/pi/pico/pico-sdk/src/common/pico_sync/mutex.c.obj
                0x200001e8                mutex_exit
 .time_critical.flash_init_boot2_copyout
                0x20000210       0x30 CMakeFiles/Power_Management_HAT.dir/home/pi/pico/pico-sdk/src/rp2_common/hardware_flash/flash.c.obj
 .time_critical.flash_enable_xip_via_boot2
                0x20000240       0x10 CMakeFiles/Power_Management_HAT.dir/home/pi/pico/pico-sdk/src/rp2_common/hardware_flash/flash.c.obj
 .time_critical.flash_cs_force
                0x20000250       0x38 CMakeFiles/Power_Management_HAT.dir/home/pi/pico/pico-sdk/src/rp2_common/hardware_flash/flash.c.obj
 .time_critical.flash_do_cmd
                0x20000288       0xb4 CMakeFiles/Power_Management_HAT.dir/home/pi/pico/pico-sdk/src/rp2_common/hardware_flash/flash.c.obj
                0x20000288                flash_do_cmd
 *(.text*)
 .text          0x2000033c        0x4 /usr/lib/gcc/arm-none-eabi/8.3.1/thumb/v6-m/nofp/libgcc.a(_dvmd_tls.o)
                0x2000033c                __aeabi_ldiv0
                0x2000033c                __aeabi_idiv0
 .text.__stub   0x20000340       0x30 linker stubs
                0x20000370                . = ALIGN (0x4)
 *(.rodata*)
                0x20000370                . = ALIGN (0x4)
 *(.data*)
 .data.striped_spin_lock_num
                0x20000370        0x1 CMakeFiles/Power_Management_HAT.dir/home/pi/pico/pico-sdk/src/rp2_common/hardware_sync/sync.c.obj
 *fill*         0x20000371        0x3 
 .data          0x20000374       0x48 CMakeFiles/Power_Management_HAT.dir/home/pi/pico/pico-sdk/src/rp2_common/hardware_irq/irq_handler_chain.S.obj
                0x20000374                irq_handler_chain_slots
                0x200003a4                irq_handler_chain_first_slot
                0x200003ae                irq_handler_chain_remove_tail
 .data.default_alarm_pool
                0x200003bc       0x18 CMakeFiles/Power_Management_HAT.dir/home/pi/pico/pico-sdk/src/common/pico_time/time.c.obj
 .data.default_alarm_pool_heap
                0x200003d4       0x10 CMakeFiles/Power_Management_HAT.dir/home/pi/pico/pico-sdk/src/common/pico_time/time.c.obj
 *fill*         0x200003e4        0xc 
 .data.aeabi_bits_funcs
                0x200003f0       0x10 CMakeFiles/Power_Management_HAT.dir/home/pi/pico/pico-sdk/src/rp2_common/pico_bit_ops/bit_ops_aeabi.S.obj
                0x200003f0                aeabi_bits_funcs
                0x20000400                aeabi_bits_funcs_end
 .data.aeabi_mem_funcs
                0x20000400       0x10 CMakeFiles/Power_Management_HAT.dir/home/pi/pico/pico-sdk/src/rp2_common/pico_mem_ops/mem_ops_aeabi.S.obj
                0x20000400                aeabi_mem_funcs
                0x20000410                aeabi_mem_funcs_end
 .data.stdio_uart
                0x20000410       0x14 CMakeFiles/Power_Management_HAT.dir/home/pi/pico/pico-sdk/src/rp2_common/pico_stdio_uart/stdio_uart.c.obj
                0x20000410                stdio_uart
 .data.stdio_usb
                0x20000424       0x14 CMakeFiles/Power_Management_HAT.dir/home/pi/pico/pico-sdk/src/rp2_common/pico_stdio_usb/stdio_usb.c.obj
                0x20000424                stdio_usb
 .data.ep_dir_string
                0x20000438        0x8 CMakeFiles/Power_Management_HAT.dir/home/pi/pico/pico-sdk/lib/tinyusb/src/portable/raspberrypi/rp2040/rp2040_usb.c.obj
                0x20000438                ep_dir_string
 .data._usbd_qdef
                0x20000440       0x24 CMakeFiles/Power_Management_HAT.dir/home/pi/pico/pico-sdk/lib/tinyusb/src/device/usbd.c.obj
                0x20000440                _usbd_qdef
 .data.i2c0_inst
                0x20000464        0x8 CMakeFiles/Power_Management_HAT.dir/home/pi/pico/pico-sdk/src/rp2_common/hardware_i2c/i2c.c.obj
                0x20000464                i2c0_inst
 .data.i2c1_inst
                0x2000046c        0x8 CMakeFiles/Power_Management_HAT.dir/home/pi/pico/pico-sdk/src/rp2_common/hardware_i2c/i2c.c.obj
                0x2000046c                i2c1_inst
 .data.Power_Off_Time_Ms
                0x20000474        0x2 lib/Power_Management_Lib/libPower_Management_Lib.a(Power_Management_Lib.c.obj)
                0x20000474                Power_Off_Time_Ms
 .data.Power_Wait_Time_S
                0x20000476        0x2 lib/Power_Management_Lib/libPower_Management_Lib.a(Power_Management_Lib.c.obj)
                0x20000476                Power_Wait_Time_S
 .data.Shutdown_Time_Ms
                0x20000478        0x2 lib/Power_Management_Lib/libPower_Management_Lib.a(Power_Management_Lib.c.obj)
                0x20000478                Shutdown_Time_Ms
 .data.Wait_Boot_Time_S
                0x2000047a        0x2 lib/Power_Management_Lib/libPower_Management_Lib.a(Power_Management_Lib.c.obj)
                0x2000047a                Wait_Boot_Time_S
                0x2000047c                . = ALIGN (0x4)
 *(.after_data.*)
                0x2000047c                . = ALIGN (0x4)
                0x2000047c                PROVIDE (__mutex_array_start = .)
 *(SORT_BY_NAME(.mutex_array.*))
 *(.mutex_array)
 .mutex_array   0x2000047c        0x8 CMakeFiles/Power_Management_HAT.dir/home/pi/pico/pico-sdk/src/rp2_common/pico_malloc/pico_malloc.c.obj
 .mutex_array   0x20000484        0x8 CMakeFiles/Power_Management_HAT.dir/home/pi/pico/pico-sdk/src/rp2_common/pico_stdio/stdio.c.obj
                0x2000048c                PROVIDE (__mutex_array_end = .)
                0x2000048c                . = ALIGN (0x4)
                0x2000048c                PROVIDE (__preinit_array_start = .)
 *(SORT_BY_NAME(.preinit_array.*))
 .preinit_array.00001
                0x2000048c        0x4 CMakeFiles/Power_Management_HAT.dir/home/pi/pico/pico-sdk/src/rp2_common/pico_mem_ops/mem_ops_aeabi.S.obj
 .preinit_array.00010
                0x20000490        0x4 CMakeFiles/Power_Management_HAT.dir/home/pi/pico/pico-sdk/src/rp2_common/pico_bit_ops/bit_ops_aeabi.S.obj
 .preinit_array.00020
                0x20000494        0x4 CMakeFiles/Power_Management_HAT.dir/home/pi/pico/pico-sdk/src/rp2_common/pico_double/double_aeabi.S.obj
 .preinit_array.00020
                0x20000498        0x4 CMakeFiles/Power_Management_HAT.dir/home/pi/pico/pico-sdk/src/rp2_common/pico_float/float_aeabi.S.obj
 *(.preinit_array)
                0x2000049c                PROVIDE (__preinit_array_end = .)
                0x2000049c                . = ALIGN (0x4)
                0x2000049c                PROVIDE (__init_array_start = .)
 *(SORT_BY_NAME(.init_array.*))
 *(.init_array)
 .init_array    0x2000049c        0x4 /usr/lib/gcc/arm-none-eabi/8.3.1/thumb/v6-m/nofp/crtbegin.o
 .init_array    0x200004a0        0x4 CMakeFiles/Power_Management_HAT.dir/home/pi/pico/pico-sdk/src/rp2_common/pico_unique_id/unique_id.c.obj
                0x200004a4                PROVIDE (__init_array_end = .)
                0x200004a4                . = ALIGN (0x4)
                0x200004a4                PROVIDE (__fini_array_start = .)
 *(SORT_BY_NAME(.fini_array.*))
 *(.fini_array)
                0x200004a4                PROVIDE (__fini_array_end = .)
 *(.jcr)
                0x200004a4                . = ALIGN (0x4)
                0x200004a4                __data_end__ = .

.tm_clone_table
                0x200004a4        0x0 load address 0x100091c4
 .tm_clone_table
                0x200004a4        0x0 /usr/lib/gcc/arm-none-eabi/8.3.1/thumb/v6-m/nofp/crtbegin.o
 .tm_clone_table
                0x200004a4        0x0 /usr/lib/gcc/arm-none-eabi/8.3.1/thumb/v6-m/nofp/crtend.o

.igot.plt       0x200004a4        0x0 load address 0x100091c4
 .igot.plt      0x200004a4        0x0 /usr/lib/gcc/arm-none-eabi/8.3.1/thumb/v6-m/nofp/crtbegin.o

.uninitialized_data
                0x200004a4        0x0 load address 0x100091c4
                0x200004a4                . = ALIGN (0x4)
 *(.uninitialized_data*)

.scratch_x      0x20040000        0x0 load address 0x100091c4
                0x20040000                __scratch_x_start__ = .
 *(.scratch_x.*)
                0x20040000                . = ALIGN (0x4)
                0x20040000                __scratch_x_end__ = .
                0x100091c4                __scratch_x_source__ = LOADADDR (.scratch_x)

.scratch_y      0x20041000        0x0 load address 0x100091c4
                0x20041000                __scratch_y_start__ = .
 *(.scratch_y.*)
                0x20041000                . = ALIGN (0x4)
                0x20041000                __scratch_y_end__ = .
                0x100091c4                __scratch_y_source__ = LOADADDR (.scratch_y)

.bss            0x200004a8      0xe14
                0x200004a8                . = ALIGN (0x4)
                0x200004a8                __bss_start__ = .
 *(SORT_BY_ALIGNMENT(SORT_BY_NAME(.bss*)))
 .bss.default_alarm_pool_entries
                0x200004a8      0x100 CMakeFiles/Power_Management_HAT.dir/home/pi/pico/pico-sdk/src/common/pico_time/time.c.obj
 .bss.last_avail_time.7236
                0x200005a8        0x8 CMakeFiles/Power_Management_HAT.dir/home/pi/pico/pico-sdk/src/rp2_common/pico_stdio_usb/stdio_usb.c.obj
 .bss.timer     0x200005b0       0x18 lib/Power_Management_Lib/libPower_Management_Lib.a(Power_Management_Lib.c.obj)
 .bss           0x200005c8       0x1c /usr/lib/gcc/arm-none-eabi/8.3.1/thumb/v6-m/nofp/crtbegin.o
 .bss._app_driver
                0x200005e4        0x4 CMakeFiles/Power_Management_HAT.dir/home/pi/pico/pico-sdk/lib/tinyusb/src/device/usbd.c.obj
 .bss._cdcd_itf
                0x200005e8      0x2d8 CMakeFiles/Power_Management_HAT.dir/home/pi/pico/pico-sdk/lib/tinyusb/src/class/cdc/cdc_device.c.obj
 .bss._ctrl_xfer
                0x200008c0       0x14 CMakeFiles/Power_Management_HAT.dir/home/pi/pico/pico-sdk/lib/tinyusb/src/device/usbd_control.c.obj
 .bss._ubsd_mutexdef
                0x200008d4        0x8 CMakeFiles/Power_Management_HAT.dir/home/pi/pico/pico-sdk/lib/tinyusb/src/device/usbd.c.obj
 .bss._usbd_ctrl_buf
                0x200008dc       0x40 CMakeFiles/Power_Management_HAT.dir/home/pi/pico/pico-sdk/lib/tinyusb/src/device/usbd_control.c.obj
 .bss._usbd_dev
                0x2000091c       0x53 CMakeFiles/Power_Management_HAT.dir/home/pi/pico/pico-sdk/lib/tinyusb/src/device/usbd.c.obj
 *fill*         0x2000096f        0x1 
 .bss._usbd_mutex
                0x20000970        0x4 CMakeFiles/Power_Management_HAT.dir/home/pi/pico/pico-sdk/lib/tinyusb/src/device/usbd.c.obj
 .bss._usbd_q   0x20000974        0x4 CMakeFiles/Power_Management_HAT.dir/home/pi/pico/pico-sdk/lib/tinyusb/src/device/usbd.c.obj
 .bss.alarm_callbacks
                0x20000978       0x10 CMakeFiles/Power_Management_HAT.dir/home/pi/pico/pico-sdk/src/rp2_common/hardware_timer/timer.c.obj
 .bss.boot2_copyout
                0x20000988      0x100 CMakeFiles/Power_Management_HAT.dir/home/pi/pico/pico-sdk/src/rp2_common/hardware_flash/flash.c.obj
 .bss.claimed   0x20000a88        0x4 CMakeFiles/Power_Management_HAT.dir/home/pi/pico/pico-sdk/src/rp2_common/hardware_sync/sync.c.obj
 .bss.configured_freq
                0x20000a8c       0x28 CMakeFiles/Power_Management_HAT.dir/home/pi/pico/pico-sdk/src/rp2_common/hardware_clocks/clocks.c.obj
 .bss.default_alarm_pool_entry_ids_high
                0x20000ab4       0x10 CMakeFiles/Power_Management_HAT.dir/home/pi/pico/pico-sdk/src/common/pico_time/time.c.obj
 .bss.default_alarm_pool_heap_nodes
                0x20000ac4       0x30 CMakeFiles/Power_Management_HAT.dir/home/pi/pico/pico-sdk/src/common/pico_time/time.c.obj
 .bss.desc_str.7121
                0x20000af4       0x28 CMakeFiles/Power_Management_HAT.dir/home/pi/pico/pico-sdk/src/rp2_common/pico_stdio_usb/stdio_usb_descriptors.c.obj
 .bss.drivers   0x20000b1c        0x4 CMakeFiles/Power_Management_HAT.dir/home/pi/pico/pico-sdk/src/rp2_common/pico_stdio/stdio.c.obj
 .bss.filter    0x20000b20        0x4 CMakeFiles/Power_Management_HAT.dir/home/pi/pico/pico-sdk/src/rp2_common/pico_stdio/stdio.c.obj
 .bss.hw_endpoints
                0x20000b24      0x400 CMakeFiles/Power_Management_HAT.dir/home/pi/pico/pico-sdk/lib/tinyusb/src/portable/raspberrypi/rp2040/dcd_rp2040.c.obj
 .bss.ina219_powerMultiplier_mW
                0x20000f24        0x4 lib/INA219/libINA219.a(INA219.c.obj)
                0x20000f24                ina219_powerMultiplier_mW
 .bss.lazy_vsnprintf
                0x20000f28        0x4 CMakeFiles/Power_Management_HAT.dir/home/pi/pico/pico-sdk/src/rp2_common/pico_printf/printf.c.obj
 .bss.load_value
                0x20000f2c        0x4 CMakeFiles/Power_Management_HAT.dir/home/pi/pico/pico-sdk/src/rp2_common/hardware_watchdog/watchdog.c.obj
 .bss.next_buffer_ptr
                0x20000f30        0x4 CMakeFiles/Power_Management_HAT.dir/home/pi/pico/pico-sdk/lib/tinyusb/src/portable/raspberrypi/rp2040/dcd_rp2040.c.obj
 .bss.pools     0x20000f34       0x10 CMakeFiles/Power_Management_HAT.dir/home/pi/pico/pico-sdk/src/common/pico_time/time.c.obj
 .bss.retrieved_id
                0x20000f44        0x8 CMakeFiles/Power_Management_HAT.dir/home/pi/pico/pico-sdk/src/rp2_common/pico_unique_id/unique_id.c.obj
 .bss.sf_clz_func
                0x20000f4c        0x4 CMakeFiles/Power_Management_HAT.dir/home/pi/pico/pico-sdk/src/rp2_common/pico_double/double_init_rom.c.obj
                0x20000f4c                sf_clz_func
 .bss.sleep_notifier
                0x20000f50        0x4 CMakeFiles/Power_Management_HAT.dir/home/pi/pico/pico-sdk/src/common/pico_time/time.c.obj
 .bss.stdio_usb_mutex
                0x20000f54        0x8 CMakeFiles/Power_Management_HAT.dir/home/pi/pico/pico-sdk/src/rp2_common/pico_stdio_usb/stdio_usb.c.obj
 .bss.target_hi
                0x20000f5c       0x10 CMakeFiles/Power_Management_HAT.dir/home/pi/pico/pico-sdk/src/rp2_common/hardware_timer/timer.c.obj
 .bss.uart_instance
                0x20000f6c        0x4 CMakeFiles/Power_Management_HAT.dir/home/pi/pico/pico-sdk/src/rp2_common/pico_stdio_uart/stdio_uart.c.obj
 .bss.usbd_serial_str
                0x20000f70       0x11 CMakeFiles/Power_Management_HAT.dir/home/pi/pico/pico-sdk/src/rp2_common/pico_stdio_usb/stdio_usb_descriptors.c.obj
 *fill*         0x20000f81        0x3 
 .bss.user_irq_claimed
                0x20000f84        0x2 CMakeFiles/Power_Management_HAT.dir/home/pi/pico/pico-sdk/src/rp2_common/hardware_irq/irq.c.obj
 .bss.State.7421
                0x20000f86        0x1 lib/Power_Management_Lib/libPower_Management_Lib.a(Power_Management_Lib.c.obj)
 .bss._app_driver_count
                0x20000f87        0x1 CMakeFiles/Power_Management_HAT.dir/home/pi/pico/pico-sdk/lib/tinyusb/src/device/usbd.c.obj
 .bss._usbd_initialized
                0x20000f88        0x1 CMakeFiles/Power_Management_HAT.dir/home/pi/pico/pico-sdk/lib/tinyusb/src/device/usbd.c.obj
 .bss.boot2_copyout_valid
                0x20000f89        0x1 CMakeFiles/Power_Management_HAT.dir/home/pi/pico/pico-sdk/src/rp2_common/hardware_flash/flash.c.obj
 .bss.claimed   0x20000f8a        0x1 CMakeFiles/Power_Management_HAT.dir/home/pi/pico/pico-sdk/src/rp2_common/hardware_timer/timer.c.obj
 .bss.irq_hander_chain_free_slot_head
                0x20000f8b        0x1 CMakeFiles/Power_Management_HAT.dir/home/pi/pico/pico-sdk/src/rp2_common/hardware_irq/irq.c.obj
 .bss.itf_num   0x20000f8c        0x1 CMakeFiles/Power_Management_HAT.dir/home/pi/pico/pico-sdk/src/rp2_common/pico_stdio_usb/reset_interface.c.obj
 .bss.low_priority_irq_num
                0x20000f8d        0x1 CMakeFiles/Power_Management_HAT.dir/home/pi/pico/pico-sdk/src/rp2_common/pico_stdio_usb/stdio_usb.c.obj
 .bss.timer_callbacks_pending
                0x20000f8e        0x1 CMakeFiles/Power_Management_HAT.dir/home/pi/pico/pico-sdk/src/rp2_common/hardware_timer/timer.c.obj
 *(COMMON)
 *fill*         0x20000f8f        0x1 
 COMMON         0x20000f90        0x4 CMakeFiles/Power_Management_HAT.dir/home/pi/pico/pico-sdk/src/rp2_common/hardware_uart/uart.c.obj
                0x20000f90                uart_char_to_line_feed
 COMMON         0x20000f94      0x100 CMakeFiles/Power_Management_HAT.dir/home/pi/pico/pico-sdk/src/rp2_common/pico_double/double_init_rom.c.obj
                0x20000f94                sd_table
 COMMON         0x20001094      0x100 CMakeFiles/Power_Management_HAT.dir/home/pi/pico/pico-sdk/src/rp2_common/pico_float/float_init_rom.c.obj
                0x20001094                sf_table
 COMMON         0x20001194       0xc0 CMakeFiles/Power_Management_HAT.dir/home/pi/pico/pico-sdk/lib/tinyusb/src/device/usbd.c.obj
                0x20001194                _usbd_qdef_buf
 *fill*         0x20001254        0x4 
 COMMON         0x20001258       0x2c examples/libexamples.a(Button_Ctr.c.obj)
                0x20001258                timer
                0x20001270                Read_State
 COMMON         0x20001284       0x28 lib/Power_Management_Lib/libPower_Management_Lib.a(Power_Management_Lib.c.obj)
                0x20001284                power_all_state
                0x20001298                keep_time
                0x200012a0                Time_Pointer
 COMMON         0x200012ac        0x4 lib/Config/libConfig.a(DEV_Config.c.obj)
                0x200012ac                slice_num
 COMMON         0x200012b0        0xc lib/INA219/libINA219.a(INA219.c.obj)
                0x200012b0                ina219_currentDivider_mA
                0x200012b4                ina219_i2caddr
                0x200012b8                ina219_calValue
                0x200012bc                . = ALIGN (0x4)
                0x200012bc                __bss_end__ = .

.heap           0x200012bc      0x800
                0x200012bc                __end__ = .
                0x200012bc                end = __end__
 *(.heap*)
 .heap          0x200012bc      0x800 CMakeFiles/Power_Management_HAT.dir/home/pi/pico/pico-sdk/src/rp2_common/pico_standard_link/crt0.S.obj
                0x20001abc                __HeapLimit = .

.stack1_dummy   0x20040000        0x0
 *(.stack1*)

.stack_dummy    0x20041000      0x800
 *(.stack*)
 .stack         0x20041000      0x800 CMakeFiles/Power_Management_HAT.dir/home/pi/pico/pico-sdk/src/rp2_common/pico_standard_link/crt0.S.obj

.flash_end      0x100091c4        0x0
                0x100091c4                __flash_binary_end = .
                0x20040000                __StackLimit = (ORIGIN (RAM) + LENGTH (RAM))
                0x20041000                __StackOneTop = (ORIGIN (SCRATCH_X) + LENGTH (SCRATCH_X))
                0x20042000                __StackTop = (ORIGIN (SCRATCH_Y) + LENGTH (SCRATCH_Y))
                0x20041000                __StackOneBottom = (__StackOneTop - SIZEOF (.stack1_dummy))
                0x20041800                __StackBottom = (__StackTop - SIZEOF (.stack_dummy))
                0x20042000                PROVIDE (__stack = __StackTop)
                0x00000001                ASSERT ((__StackLimit >= __HeapLimit), region RAM overflowed)
                0x00000001                ASSERT (((__binary_info_header_end - __logical_binary_start) <= 0x100), Binary info must be in first 256 bytes of the binary)
LOAD CMakeFiles/Power_Management_HAT.dir/Power_Management_HAT.c.obj
LOAD CMakeFiles/Power_Management_HAT.dir/home/pi/pico/pico-sdk/src/rp2_common/pico_stdlib/stdlib.c.obj
LOAD CMakeFiles/Power_Management_HAT.dir/home/pi/pico/pico-sdk/src/rp2_common/hardware_gpio/gpio.c.obj
LOAD CMakeFiles/Power_Management_HAT.dir/home/pi/pico/pico-sdk/src/rp2_common/hardware_claim/claim.c.obj
LOAD CMakeFiles/Power_Management_HAT.dir/home/pi/pico/pico-sdk/src/rp2_common/pico_platform/platform.c.obj
LOAD CMakeFiles/Power_Management_HAT.dir/home/pi/pico/pico-sdk/src/rp2_common/hardware_sync/sync.c.obj
LOAD CMakeFiles/Power_Management_HAT.dir/home/pi/pico/pico-sdk/src/rp2_common/hardware_irq/irq.c.obj
LOAD CMakeFiles/Power_Management_HAT.dir/home/pi/pico/pico-sdk/src/rp2_common/hardware_irq/irq_handler_chain.S.obj
LOAD CMakeFiles/Power_Management_HAT.dir/home/pi/pico/pico-sdk/src/common/pico_sync/sem.c.obj
LOAD CMakeFiles/Power_Management_HAT.dir/home/pi/pico/pico-sdk/src/common/pico_sync/lock_core.c.obj
LOAD CMakeFiles/Power_Management_HAT.dir/home/pi/pico/pico-sdk/src/common/pico_time/time.c.obj
LOAD CMakeFiles/Power_Management_HAT.dir/home/pi/pico/pico-sdk/src/common/pico_time/timeout_helper.c.obj
LOAD CMakeFiles/Power_Management_HAT.dir/home/pi/pico/pico-sdk/src/rp2_common/hardware_timer/timer.c.obj
LOAD CMakeFiles/Power_Management_HAT.dir/home/pi/pico/pico-sdk/src/common/pico_util/datetime.c.obj
LOAD CMakeFiles/Power_Management_HAT.dir/home/pi/pico/pico-sdk/src/common/pico_util/pheap.c.obj
LOAD CMakeFiles/Power_Management_HAT.dir/home/pi/pico/pico-sdk/src/common/pico_util/queue.c.obj
LOAD CMakeFiles/Power_Management_HAT.dir/home/pi/pico/pico-sdk/src/common/pico_sync/mutex.c.obj
LOAD CMakeFiles/Power_Management_HAT.dir/home/pi/pico/pico-sdk/src/common/pico_sync/critical_section.c.obj
LOAD CMakeFiles/Power_Management_HAT.dir/home/pi/pico/pico-sdk/src/rp2_common/hardware_uart/uart.c.obj
LOAD CMakeFiles/Power_Management_HAT.dir/home/pi/pico/pico-sdk/src/rp2_common/hardware_divider/divider.S.obj
LOAD CMakeFiles/Power_Management_HAT.dir/home/pi/pico/pico-sdk/src/rp2_common/pico_runtime/runtime.c.obj
LOAD CMakeFiles/Power_Management_HAT.dir/home/pi/pico/pico-sdk/src/rp2_common/hardware_clocks/clocks.c.obj
LOAD CMakeFiles/Power_Management_HAT.dir/home/pi/pico/pico-sdk/src/rp2_common/hardware_pll/pll.c.obj
LOAD CMakeFiles/Power_Management_HAT.dir/home/pi/pico/pico-sdk/src/rp2_common/hardware_vreg/vreg.c.obj
LOAD CMakeFiles/Power_Management_HAT.dir/home/pi/pico/pico-sdk/src/rp2_common/hardware_watchdog/watchdog.c.obj
LOAD CMakeFiles/Power_Management_HAT.dir/home/pi/pico/pico-sdk/src/rp2_common/hardware_xosc/xosc.c.obj
LOAD CMakeFiles/Power_Management_HAT.dir/home/pi/pico/pico-sdk/src/rp2_common/pico_printf/printf.c.obj
LOAD CMakeFiles/Power_Management_HAT.dir/home/pi/pico/pico-sdk/src/rp2_common/pico_bit_ops/bit_ops_aeabi.S.obj
LOAD CMakeFiles/Power_Management_HAT.dir/home/pi/pico/pico-sdk/src/rp2_common/pico_bootrom/bootrom.c.obj
LOAD CMakeFiles/Power_Management_HAT.dir/home/pi/pico/pico-sdk/src/rp2_common/pico_divider/divider.S.obj
LOAD CMakeFiles/Power_Management_HAT.dir/home/pi/pico/pico-sdk/src/rp2_common/pico_double/double_aeabi.S.obj
LOAD CMakeFiles/Power_Management_HAT.dir/home/pi/pico/pico-sdk/src/rp2_common/pico_double/double_init_rom.c.obj
LOAD CMakeFiles/Power_Management_HAT.dir/home/pi/pico/pico-sdk/src/rp2_common/pico_double/double_math.c.obj
LOAD CMakeFiles/Power_Management_HAT.dir/home/pi/pico/pico-sdk/src/rp2_common/pico_double/double_v1_rom_shim.S.obj
LOAD CMakeFiles/Power_Management_HAT.dir/home/pi/pico/pico-sdk/src/rp2_common/pico_int64_ops/pico_int64_ops_aeabi.S.obj
LOAD CMakeFiles/Power_Management_HAT.dir/home/pi/pico/pico-sdk/src/rp2_common/pico_float/float_aeabi.S.obj
LOAD CMakeFiles/Power_Management_HAT.dir/home/pi/pico/pico-sdk/src/rp2_common/pico_float/float_init_rom.c.obj
LOAD CMakeFiles/Power_Management_HAT.dir/home/pi/pico/pico-sdk/src/rp2_common/pico_float/float_math.c.obj
LOAD CMakeFiles/Power_Management_HAT.dir/home/pi/pico/pico-sdk/src/rp2_common/pico_float/float_v1_rom_shim.S.obj
LOAD CMakeFiles/Power_Management_HAT.dir/home/pi/pico/pico-sdk/src/rp2_common/pico_malloc/pico_malloc.c.obj
LOAD CMakeFiles/Power_Management_HAT.dir/home/pi/pico/pico-sdk/src/rp2_common/pico_mem_ops/mem_ops_aeabi.S.obj
LOAD CMakeFiles/Power_Management_HAT.dir/home/pi/pico/pico-sdk/src/rp2_common/pico_standard_link/crt0.S.obj
LOAD CMakeFiles/Power_Management_HAT.dir/home/pi/pico/pico-sdk/src/rp2_common/pico_standard_link/new_delete.cpp.obj
LOAD CMakeFiles/Power_Management_HAT.dir/home/pi/pico/pico-sdk/src/rp2_common/pico_standard_link/binary_info.c.obj
LOAD CMakeFiles/Power_Management_HAT.dir/home/pi/pico/pico-sdk/src/rp2_common/pico_stdio/stdio.c.obj
LOAD CMakeFiles/Power_Management_HAT.dir/home/pi/pico/pico-sdk/src/rp2_common/pico_stdio_uart/stdio_uart.c.obj
LOAD CMakeFiles/Power_Management_HAT.dir/home/pi/pico/pico-sdk/src/rp2_common/pico_stdio_usb/reset_interface.c.obj
LOAD CMakeFiles/Power_Management_HAT.dir/home/pi/pico/pico-sdk/src/rp2_common/pico_stdio_usb/stdio_usb.c.obj
LOAD CMakeFiles/Power_Management_HAT.dir/home/pi/pico/pico-sdk/src/rp2_common/pico_stdio_usb/stdio_usb_descriptors.c.obj
LOAD CMakeFiles/Power_Management_HAT.dir/home/pi/pico/pico-sdk/lib/tinyusb/src/portable/raspberrypi/rp2040/dcd_rp2040.c.obj
LOAD CMakeFiles/Power_Management_HAT.dir/home/pi/pico/pico-sdk/lib/tinyusb/src/portable/raspberrypi/rp2040/rp2040_usb.c.obj
LOAD CMakeFiles/Power_Management_HAT.dir/home/pi/pico/pico-sdk/lib/tinyusb/src/device/usbd.c.obj
LOAD CMakeFiles/Power_Management_HAT.dir/home/pi/pico/pico-sdk/lib/tinyusb/src/device/usbd_control.c.obj
LOAD CMakeFiles/Power_Management_HAT.dir/home/pi/pico/pico-sdk/lib/tinyusb/src/class/audio/audio_device.c.obj
LOAD CMakeFiles/Power_Management_HAT.dir/home/pi/pico/pico-sdk/lib/tinyusb/src/class/cdc/cdc_device.c.obj
LOAD CMakeFiles/Power_Management_HAT.dir/home/pi/pico/pico-sdk/lib/tinyusb/src/class/dfu/dfu_device.c.obj
LOAD CMakeFiles/Power_Management_HAT.dir/home/pi/pico/pico-sdk/lib/tinyusb/src/class/dfu/dfu_rt_device.c.obj
LOAD CMakeFiles/Power_Management_HAT.dir/home/pi/pico/pico-sdk/lib/tinyusb/src/class/hid/hid_device.c.obj
LOAD CMakeFiles/Power_Management_HAT.dir/home/pi/pico/pico-sdk/lib/tinyusb/src/class/midi/midi_device.c.obj
LOAD CMakeFiles/Power_Management_HAT.dir/home/pi/pico/pico-sdk/lib/tinyusb/src/class/msc/msc_device.c.obj
LOAD CMakeFiles/Power_Management_HAT.dir/home/pi/pico/pico-sdk/lib/tinyusb/src/class/net/ecm_rndis_device.c.obj
LOAD CMakeFiles/Power_Management_HAT.dir/home/pi/pico/pico-sdk/lib/tinyusb/src/class/net/ncm_device.c.obj
LOAD CMakeFiles/Power_Management_HAT.dir/home/pi/pico/pico-sdk/lib/tinyusb/src/class/usbtmc/usbtmc_device.c.obj
LOAD CMakeFiles/Power_Management_HAT.dir/home/pi/pico/pico-sdk/lib/tinyusb/src/class/vendor/vendor_device.c.obj
LOAD CMakeFiles/Power_Management_HAT.dir/home/pi/pico/pico-sdk/lib/tinyusb/src/class/video/video_device.c.obj
LOAD CMakeFiles/Power_Management_HAT.dir/home/pi/pico/pico-sdk/lib/tinyusb/src/tusb.c.obj
LOAD CMakeFiles/Power_Management_HAT.dir/home/pi/pico/pico-sdk/lib/tinyusb/src/common/tusb_fifo.c.obj
LOAD CMakeFiles/Power_Management_HAT.dir/home/pi/pico/pico-sdk/src/rp2_common/pico_fix/rp2040_usb_device_enumeration/rp2040_usb_device_enumeration.c.obj
LOAD CMakeFiles/Power_Management_HAT.dir/home/pi/pico/pico-sdk/src/rp2_common/pico_unique_id/unique_id.c.obj
LOAD CMakeFiles/Power_Management_HAT.dir/home/pi/pico/pico-sdk/src/rp2_common/hardware_flash/flash.c.obj
LOAD CMakeFiles/Power_Management_HAT.dir/home/pi/pico/pico-sdk/src/rp2_common/hardware_i2c/i2c.c.obj
LOAD CMakeFiles/Power_Management_HAT.dir/home/pi/pico/pico-sdk/src/rp2_common/hardware_spi/spi.c.obj
LOAD CMakeFiles/Power_Management_HAT.dir/home/pi/pico/pico-sdk/src/rp2_common/hardware_rtc/rtc.c.obj